[34m[Mar 06 01:53:59.966000000] [INFO] [Thread 1] [0mActor frankenpaxos.echo.BenchmarkServer@23fe1d71 registering on address NettyTcpAddress(/10.138.0.60:10100).
[34m[Mar 06 01:54:01.650000000] [INFO] [Thread 10] [0mServer socket on address /10.138.0.60:10100 established connection with /10.138.0.61:34664.
[36m[Mar 06 01:54:01.660000000] [DEBUG] [Thread 10] [0mSuccessfully registered channel between local address NettyTcpAddress(/10.138.0.60:10100) and remote address NettyTcpAddress(/10.138.0.61:34664).
{Heap before GC invocations=1 (full 0):
 PSYoungGen      total 29696K, used 25600K [0x00000000fdf00000, 0x0000000100000000, 0x0000000100000000)
  eden space 25600K, 100% used [0x00000000fdf00000,0x00000000ff800000,0x00000000ff800000)
  from space 4096K, 0% used [0x00000000ffc00000,0x00000000ffc00000,0x0000000100000000)
  to   space 4096K, 0% used [0x00000000ff800000,0x00000000ff800000,0x00000000ffc00000)
 ParOldGen       total 68608K, used 0K [0x00000000f9c00000, 0x00000000fdf00000, 0x00000000fdf00000)
  object space 68608K, 0% used [0x00000000f9c00000,0x00000000f9c00000,0x00000000fdf00000)
 Metaspace       used 14737K, capacity 15150K, committed 15488K, reserved 1062912K
  class space    used 1997K, capacity 2094K, committed 2176K, reserved 1048576K
2023-03-06T01:54:01.713+0000: 2.262: [GC (Allocation Failure) [PSYoungGen: 25600K->4074K(29696K)] 25600K->7507K(98304K), 0.0078691 secs] [Times: user=0.01 sys=0.00, real=0.00 secs] 
Heap after GC invocations=1 (full 0):
 PSYoungGen      total 29696K, used 4074K [0x00000000fdf00000, 0x0000000100000000, 0x0000000100000000)
  eden space 25600K, 0% used [0x00000000fdf00000,0x00000000fdf00000,0x00000000ff800000)
  from space 4096K, 99% used [0x00000000ff800000,0x00000000ffbfaa60,0x00000000ffc00000)
  to   space 4096K, 0% used [0x00000000ffc00000,0x00000000ffc00000,0x0000000100000000)
 ParOldGen       total 68608K, used 3432K [0x00000000f9c00000, 0x00000000fdf00000, 0x00000000fdf00000)
  object space 68608K, 5% used [0x00000000f9c00000,0x00000000f9f5a2a0,0x00000000fdf00000)
 Metaspace       used 14737K, capacity 15150K, committed 15488K, reserved 1062912K
  class space    used 1997K, capacity 2094K, committed 2176K, reserved 1048576K
}
{Heap before GC invocations=2 (full 0):
 PSYoungGen      total 29696K, used 29674K [0x00000000fdf00000, 0x0000000100000000, 0x0000000100000000)
  eden space 25600K, 100% used [0x00000000fdf00000,0x00000000ff800000,0x00000000ff800000)
  from space 4096K, 99% used [0x00000000ff800000,0x00000000ffbfaa60,0x00000000ffc00000)
  to   space 4096K, 0% used [0x00000000ffc00000,0x00000000ffc00000,0x0000000100000000)
 ParOldGen       total 68608K, used 3432K [0x00000000f9c00000, 0x00000000fdf00000, 0x00000000fdf00000)
  object space 68608K, 5% used [0x00000000f9c00000,0x00000000f9f5a2a0,0x00000000fdf00000)
 Metaspace       used 16168K, capacity 16590K, committed 16896K, reserved 1064960K
  class space    used 2103K, capacity 2190K, committed 2304K, reserved 1048576K
2023-03-06T01:54:02.174+0000: 2.723: [GC (Allocation Failure) [PSYoungGen: 29674K->3570K(29696K)] 33107K->7011K(98304K), 0.0054361 secs] [Times: user=0.01 sys=0.00, real=0.00 secs] 
Heap after GC invocations=2 (full 0):
 PSYoungGen      total 29696K, used 3570K [0x00000000fdf00000, 0x0000000100000000, 0x0000000100000000)
  eden space 25600K, 0% used [0x00000000fdf00000,0x00000000fdf00000,0x00000000ff800000)
  from space 4096K, 87% used [0x00000000ffc00000,0x00000000fff7cbc8,0x0000000100000000)
  to   space 4096K, 0% used [0x00000000ff800000,0x00000000ff800000,0x00000000ffc00000)
 ParOldGen       total 68608K, used 3440K [0x00000000f9c00000, 0x00000000fdf00000, 0x00000000fdf00000)
  object space 68608K, 5% used [0x00000000f9c00000,0x00000000f9f5c2a0,0x00000000fdf00000)
 Metaspace       used 16168K, capacity 16590K, committed 16896K, reserved 1064960K
  class space    used 2103K, capacity 2190K, committed 2304K, reserved 1048576K
}
{Heap before GC invocations=3 (full 0):
 PSYoungGen      total 29696K, used 29170K [0x00000000fdf00000, 0x0000000100000000, 0x0000000100000000)
  eden space 25600K, 100% used [0x00000000fdf00000,0x00000000ff800000,0x00000000ff800000)
  from space 4096K, 87% used [0x00000000ffc00000,0x00000000fff7cbc8,0x0000000100000000)
  to   space 4096K, 0% used [0x00000000ff800000,0x00000000ff800000,0x00000000ffc00000)
 ParOldGen       total 68608K, used 3440K [0x00000000f9c00000, 0x00000000fdf00000, 0x00000000fdf00000)
  object space 68608K, 5% used [0x00000000f9c00000,0x00000000f9f5c2a0,0x00000000fdf00000)
 Metaspace       used 16306K, capacity 16660K, committed 17152K, reserved 1064960K
  class space    used 2112K, capacity 2191K, committed 2304K, reserved 1048576K
2023-03-06T01:54:02.391+0000: 2.940: [GC (Allocation Failure) [PSYoungGen: 29170K->3792K(29696K)] 32611K->7240K(98304K), 0.0072028 secs] [Times: user=0.01 sys=0.00, real=0.00 secs] 
Heap after GC invocations=3 (full 0):
 PSYoungGen      total 29696K, used 3792K [0x00000000fdf00000, 0x0000000100000000, 0x0000000100000000)
  eden space 25600K, 0% used [0x00000000fdf00000,0x00000000fdf00000,0x00000000ff800000)
  from space 4096K, 92% used [0x00000000ff800000,0x00000000ffbb4060,0x00000000ffc00000)
  to   space 4096K, 0% used [0x00000000ffc00000,0x00000000ffc00000,0x0000000100000000)
 ParOldGen       total 68608K, used 3448K [0x00000000f9c00000, 0x00000000fdf00000, 0x00000000fdf00000)
  object space 68608K, 5% used [0x00000000f9c00000,0x00000000f9f5e2a0,0x00000000fdf00000)
 Metaspace       used 16306K, capacity 16660K, committed 17152K, reserved 1064960K
  class space    used 2112K, capacity 2191K, committed 2304K, reserved 1048576K
}
{Heap before GC invocations=4 (full 0):
 PSYoungGen      total 29696K, used 29392K [0x00000000fdf00000, 0x0000000100000000, 0x0000000100000000)
  eden space 25600K, 100% used [0x00000000fdf00000,0x00000000ff800000,0x00000000ff800000)
  from space 4096K, 92% used [0x00000000ff800000,0x00000000ffbb4060,0x00000000ffc00000)
  to   space 4096K, 0% used [0x00000000ffc00000,0x00000000ffc00000,0x0000000100000000)
 ParOldGen       total 68608K, used 3448K [0x00000000f9c00000, 0x00000000fdf00000, 0x00000000fdf00000)
  object space 68608K, 5% used [0x00000000f9c00000,0x00000000f9f5e2a0,0x00000000fdf00000)
 Metaspace       used 16326K, capacity 16660K, committed 17152K, reserved 1064960K
  class space    used 2112K, capacity 2191K, committed 2304K, reserved 1048576K
2023-03-06T01:54:02.552+0000: 3.101: [GC (Allocation Failure) [PSYoungGen: 29392K->4064K(29696K)] 32840K->7976K(98304K), 0.0077507 secs] [Times: user=0.02 sys=0.01, real=0.00 secs] 
Heap after GC invocations=4 (full 0):
 PSYoungGen      total 29696K, used 4064K [0x00000000fdf00000, 0x0000000100000000, 0x0000000100000000)
  eden space 25600K, 0% used [0x00000000fdf00000,0x00000000fdf00000,0x00000000ff800000)
  from space 4096K, 99% used [0x00000000ffc00000,0x00000000ffff8050,0x0000000100000000)
  to   space 4096K, 0% used [0x00000000ff800000,0x00000000ff800000,0x00000000ffc00000)
 ParOldGen       total 68608K, used 3912K [0x00000000f9c00000, 0x00000000fdf00000, 0x00000000fdf00000)
  object space 68608K, 5% used [0x00000000f9c00000,0x00000000f9fd22c0,0x00000000fdf00000)
 Metaspace       used 16326K, capacity 16660K, committed 17152K, reserved 1064960K
  class space    used 2112K, capacity 2191K, committed 2304K, reserved 1048576K
}
{Heap before GC invocations=5 (full 0):
 PSYoungGen      total 29696K, used 29664K [0x00000000fdf00000, 0x0000000100000000, 0x0000000100000000)
  eden space 25600K, 100% used [0x00000000fdf00000,0x00000000ff800000,0x00000000ff800000)
  from space 4096K, 99% used [0x00000000ffc00000,0x00000000ffff8050,0x0000000100000000)
  to   space 4096K, 0% used [0x00000000ff800000,0x00000000ff800000,0x00000000ffc00000)
 ParOldGen       total 68608K, used 3912K [0x00000000f9c00000, 0x00000000fdf00000, 0x00000000fdf00000)
  object space 68608K, 5% used [0x00000000f9c00000,0x00000000f9fd22c0,0x00000000fdf00000)
 Metaspace       used 16334K, capacity 16724K, committed 17152K, reserved 1064960K
  class space    used 2112K, capacity 2191K, committed 2304K, reserved 1048576K
2023-03-06T01:54:02.679+0000: 3.228: [GC (Allocation Failure) [PSYoungGen: 29664K->4064K(29696K)] 33576K->8704K(98304K), 0.0066892 secs] [Times: user=0.01 sys=0.00, real=0.01 secs] 
Heap after GC invocations=5 (full 0):
 PSYoungGen      total 29696K, used 4064K [0x00000000fdf00000, 0x0000000100000000, 0x0000000100000000)
  eden space 25600K, 0% used [0x00000000fdf00000,0x00000000fdf00000,0x00000000ff800000)
  from space 4096K, 99% used [0x00000000ff800000,0x00000000ffbf8030,0x00000000ffc00000)
  to   space 4096K, 0% used [0x00000000ffc00000,0x00000000ffc00000,0x0000000100000000)
 ParOldGen       total 68608K, used 4640K [0x00000000f9c00000, 0x00000000fdf00000, 0x00000000fdf00000)
  object space 68608K, 6% used [0x00000000f9c00000,0x00000000fa0882c0,0x00000000fdf00000)
 Metaspace       used 16334K, capacity 16724K, committed 17152K, reserved 1064960K
  class space    used 2112K, capacity 2191K, committed 2304K, reserved 1048576K
}
{Heap before GC invocations=6 (full 0):
 PSYoungGen      total 29696K, used 29664K [0x00000000fdf00000, 0x0000000100000000, 0x0000000100000000)
  eden space 25600K, 100% used [0x00000000fdf00000,0x00000000ff800000,0x00000000ff800000)
  from space 4096K, 99% used [0x00000000ff800000,0x00000000ffbf8030,0x00000000ffc00000)
  to   space 4096K, 0% used [0x00000000ffc00000,0x00000000ffc00000,0x0000000100000000)
 ParOldGen       total 68608K, used 4640K [0x00000000f9c00000, 0x00000000fdf00000, 0x00000000fdf00000)
  object space 68608K, 6% used [0x00000000f9c00000,0x00000000fa0882c0,0x00000000fdf00000)
 Metaspace       used 16344K, capacity 16724K, committed 17152K, reserved 1064960K
  class space    used 2112K, capacity 2191K, committed 2304K, reserved 1048576K
2023-03-06T01:54:02.768+0000: 3.317: [GC (Allocation Failure) [PSYoungGen: 29664K->4080K(24576K)] 34304K->9536K(93184K), 0.0064290 secs] [Times: user=0.01 sys=0.00, real=0.01 secs] 
Heap after GC invocations=6 (full 0):
 PSYoungGen      total 24576K, used 4080K [0x00000000fdf00000, 0x0000000100000000, 0x0000000100000000)
  eden space 20480K, 0% used [0x00000000fdf00000,0x00000000fdf00000,0x00000000ff300000)
  from space 4096K, 99% used [0x00000000ffc00000,0x00000000ffffc040,0x0000000100000000)
  to   space 6656K, 0% used [0x00000000ff300000,0x00000000ff300000,0x00000000ff980000)
 ParOldGen       total 68608K, used 5456K [0x00000000f9c00000, 0x00000000fdf00000, 0x00000000fdf00000)
  object space 68608K, 7% used [0x00000000f9c00000,0x00000000fa1542c0,0x00000000fdf00000)
 Metaspace       used 16344K, capacity 16724K, committed 17152K, reserved 1064960K
  class space    used 2112K, capacity 2191K, committed 2304K, reserved 1048576K
}
{Heap before GC invocations=7 (full 0):
 PSYoungGen      total 24576K, used 24560K [0x00000000fdf00000, 0x0000000100000000, 0x0000000100000000)
  eden space 20480K, 100% used [0x00000000fdf00000,0x00000000ff300000,0x00000000ff300000)
  from space 4096K, 99% used [0x00000000ffc00000,0x00000000ffffc040,0x0000000100000000)
  to   space 6656K, 0% used [0x00000000ff300000,0x00000000ff300000,0x00000000ff980000)
 ParOldGen       total 68608K, used 5456K [0x00000000f9c00000, 0x00000000fdf00000, 0x00000000fdf00000)
  object space 68608K, 7% used [0x00000000f9c00000,0x00000000fa1542c0,0x00000000fdf00000)
 Metaspace       used 16348K, capacity 16724K, committed 17152K, reserved 1064960K
  class space    used 2112K, capacity 2191K, committed 2304K, reserved 1048576K
2023-03-06T01:54:02.833+0000: 3.382: [GC (Allocation Failure) [PSYoungGen: 24560K->2432K(23040K)] 30016K->10181K(91648K), 0.0063481 secs] [Times: user=0.01 sys=0.00, real=0.00 secs] 
Heap after GC invocations=7 (full 0):
 PSYoungGen      total 23040K, used 2432K [0x00000000fdf00000, 0x0000000100000000, 0x0000000100000000)
  eden space 20480K, 0% used [0x00000000fdf00000,0x00000000fdf00000,0x00000000ff300000)
  from space 2560K, 95% used [0x00000000ff300000,0x00000000ff560010,0x00000000ff580000)
  to   space 7168K, 0% used [0x00000000ff900000,0x00000000ff900000,0x0000000100000000)
 ParOldGen       total 68608K, used 7748K [0x00000000f9c00000, 0x00000000fdf00000, 0x00000000fdf00000)
  object space 68608K, 11% used [0x00000000f9c00000,0x00000000fa3913f0,0x00000000fdf00000)
 Metaspace       used 16348K, capacity 16724K, committed 17152K, reserved 1064960K
  class space    used 2112K, capacity 2191K, committed 2304K, reserved 1048576K
}
{Heap before GC invocations=8 (full 0):
 PSYoungGen      total 23040K, used 22912K [0x00000000fdf00000, 0x0000000100000000, 0x0000000100000000)
  eden space 20480K, 100% used [0x00000000fdf00000,0x00000000ff300000,0x00000000ff300000)
  from space 2560K, 95% used [0x00000000ff300000,0x00000000ff560010,0x00000000ff580000)
  to   space 7168K, 0% used [0x00000000ff900000,0x00000000ff900000,0x0000000100000000)
 ParOldGen       total 68608K, used 7748K [0x00000000f9c00000, 0x00000000fdf00000, 0x00000000fdf00000)
  object space 68608K, 11% used [0x00000000f9c00000,0x00000000fa3913f0,0x00000000fdf00000)
 Metaspace       used 16350K, capacity 16724K, committed 17152K, reserved 1064960K
  class space    used 2112K, capacity 2191K, committed 2304K, reserved 1048576K
2023-03-06T01:54:02.892+0000: 3.441: [GC (Allocation Failure) [PSYoungGen: 22912K->2816K(26624K)] 30661K->10741K(95232K), 0.0106540 secs] [Times: user=0.03 sys=0.00, real=0.01 secs] 
Heap after GC invocations=8 (full 0):
 PSYoungGen      total 26624K, used 2816K [0x00000000fdf00000, 0x0000000100000000, 0x0000000100000000)
  eden space 19456K, 0% used [0x00000000fdf00000,0x00000000fdf00000,0x00000000ff200000)
  from space 7168K, 39% used [0x00000000ff900000,0x00000000ffbc0010,0x0000000100000000)
  to   space 7168K, 0% used [0x00000000ff200000,0x00000000ff200000,0x00000000ff900000)
 ParOldGen       total 68608K, used 7924K [0x00000000f9c00000, 0x00000000fdf00000, 0x00000000fdf00000)
  object space 68608K, 11% used [0x00000000f9c00000,0x00000000fa3bd3f0,0x00000000fdf00000)
 Metaspace       used 16350K, capacity 16724K, committed 17152K, reserved 1064960K
  class space    used 2112K, capacity 2191K, committed 2304K, reserved 1048576K
}
{Heap before GC invocations=9 (full 0):
 PSYoungGen      total 26624K, used 22272K [0x00000000fdf00000, 0x0000000100000000, 0x0000000100000000)
  eden space 19456K, 100% used [0x00000000fdf00000,0x00000000ff200000,0x00000000ff200000)
  from space 7168K, 39% used [0x00000000ff900000,0x00000000ffbc0010,0x0000000100000000)
  to   space 7168K, 0% used [0x00000000ff200000,0x00000000ff200000,0x00000000ff900000)
 ParOldGen       total 68608K, used 7924K [0x00000000f9c00000, 0x00000000fdf00000, 0x00000000fdf00000)
  object space 68608K, 11% used [0x00000000f9c00000,0x00000000fa3bd3f0,0x00000000fdf00000)
 Metaspace       used 16359K, capacity 16788K, committed 17152K, reserved 1064960K
  class space    used 2112K, capacity 2191K, committed 2304K, reserved 1048576K
2023-03-06T01:54:02.951+0000: 3.500: [GC (Allocation Failure) [PSYoungGen: 22272K->1696K(26624K)] 30197K->11293K(95232K), 0.0062666 secs] [Times: user=0.01 sys=0.00, real=0.00 secs] 
Heap after GC invocations=9 (full 0):
 PSYoungGen      total 26624K, used 1696K [0x00000000fdf00000, 0x0000000100000000, 0x0000000100000000)
  eden space 19456K, 0% used [0x00000000fdf00000,0x00000000fdf00000,0x00000000ff200000)
  from space 7168K, 23% used [0x00000000ff200000,0x00000000ff3a8000,0x00000000ff900000)
  to   space 7168K, 0% used [0x00000000ff900000,0x00000000ff900000,0x0000000100000000)
 ParOldGen       total 68608K, used 9597K [0x00000000f9c00000, 0x00000000fdf00000, 0x00000000fdf00000)
  object space 68608K, 13% used [0x00000000f9c00000,0x00000000fa55f400,0x00000000fdf00000)
 Metaspace       used 16359K, capacity 16788K, committed 17152K, reserved 1064960K
  class space    used 2112K, capacity 2191K, committed 2304K, reserved 1048576K
}
{Heap before GC invocations=10 (full 0):
 PSYoungGen      total 26624K, used 21152K [0x00000000fdf00000, 0x0000000100000000, 0x0000000100000000)
  eden space 19456K, 100% used [0x00000000fdf00000,0x00000000ff200000,0x00000000ff200000)
  from space 7168K, 23% used [0x00000000ff200000,0x00000000ff3a8000,0x00000000ff900000)
  to   space 7168K, 0% used [0x00000000ff900000,0x00000000ff900000,0x0000000100000000)
 ParOldGen       total 68608K, used 9597K [0x00000000f9c00000, 0x00000000fdf00000, 0x00000000fdf00000)
  object space 68608K, 13% used [0x00000000f9c00000,0x00000000fa55f400,0x00000000fdf00000)
 Metaspace       used 16359K, capacity 16788K, committed 17152K, reserved 1064960K
  class space    used 2112K, capacity 2191K, committed 2304K, reserved 1048576K
2023-03-06T01:54:03.007+0000: 3.556: [GC (Allocation Failure) [PSYoungGen: 21152K->1120K(25600K)] 30749K->11861K(94208K), 0.0058305 secs] [Times: user=0.01 sys=0.00, real=0.01 secs] 
Heap after GC invocations=10 (full 0):
 PSYoungGen      total 25600K, used 1120K [0x00000000fdf00000, 0x0000000100000000, 0x0000000100000000)
  eden space 18432K, 0% used [0x00000000fdf00000,0x00000000fdf00000,0x00000000ff100000)
  from space 7168K, 15% used [0x00000000ff900000,0x00000000ffa18000,0x0000000100000000)
  to   space 7680K, 0% used [0x00000000ff100000,0x00000000ff100000,0x00000000ff880000)
 ParOldGen       total 68608K, used 10741K [0x00000000f9c00000, 0x00000000fdf00000, 0x00000000fdf00000)
  object space 68608K, 15% used [0x00000000f9c00000,0x00000000fa67d400,0x00000000fdf00000)
 Metaspace       used 16359K, capacity 16788K, committed 17152K, reserved 1064960K
  class space    used 2112K, capacity 2191K, committed 2304K, reserved 1048576K
}
{Heap before GC invocations=11 (full 0):
 PSYoungGen      total 25600K, used 19552K [0x00000000fdf00000, 0x0000000100000000, 0x0000000100000000)
  eden space 18432K, 100% used [0x00000000fdf00000,0x00000000ff100000,0x00000000ff100000)
  from space 7168K, 15% used [0x00000000ff900000,0x00000000ffa18000,0x0000000100000000)
  to   space 7680K, 0% used [0x00000000ff100000,0x00000000ff100000,0x00000000ff880000)
 ParOldGen       total 68608K, used 10741K [0x00000000f9c00000, 0x00000000fdf00000, 0x00000000fdf00000)
  object space 68608K, 15% used [0x00000000f9c00000,0x00000000fa67d400,0x00000000fdf00000)
 Metaspace       used 16363K, capacity 16788K, committed 17152K, reserved 1064960K
  class space    used 2112K, capacity 2191K, committed 2304K, reserved 1048576K
2023-03-06T01:54:03.067+0000: 3.616: [GC (Allocation Failure) [PSYoungGen: 19552K->608K(26112K)] 30293K->12445K(94720K), 0.0041801 secs] [Times: user=0.01 sys=0.00, real=0.01 secs] 
Heap after GC invocations=11 (full 0):
 PSYoungGen      total 26112K, used 608K [0x00000000fdf00000, 0x0000000100000000, 0x0000000100000000)
  eden space 18432K, 0% used [0x00000000fdf00000,0x00000000fdf00000,0x00000000ff100000)
  from space 7680K, 7% used [0x00000000ff100000,0x00000000ff198000,0x00000000ff880000)
  to   space 7680K, 0% used [0x00000000ff880000,0x00000000ff880000,0x0000000100000000)
 ParOldGen       total 68608K, used 11837K [0x00000000f9c00000, 0x00000000fdf00000, 0x00000000fdf00000)
  object space 68608K, 17% used [0x00000000f9c00000,0x00000000fa78f400,0x00000000fdf00000)
 Metaspace       used 16363K, capacity 16788K, committed 17152K, reserved 1064960K
  class space    used 2112K, capacity 2191K, committed 2304K, reserved 1048576K
}
{Heap before GC invocations=12 (full 0):
 PSYoungGen      total 26112K, used 19040K [0x00000000fdf00000, 0x0000000100000000, 0x0000000100000000)
  eden space 18432K, 100% used [0x00000000fdf00000,0x00000000ff100000,0x00000000ff100000)
  from space 7680K, 7% used [0x00000000ff100000,0x00000000ff198000,0x00000000ff880000)
  to   space 7680K, 0% used [0x00000000ff880000,0x00000000ff880000,0x0000000100000000)
 ParOldGen       total 68608K, used 11837K [0x00000000f9c00000, 0x00000000fdf00000, 0x00000000fdf00000)
  object space 68608K, 17% used [0x00000000f9c00000,0x00000000fa78f400,0x00000000fdf00000)
 Metaspace       used 16364K, capacity 16788K, committed 17152K, reserved 1064960K
  class space    used 2112K, capacity 2191K, committed 2304K, reserved 1048576K
2023-03-06T01:54:03.116+0000: 3.665: [GC (Allocation Failure) [PSYoungGen: 19040K->1056K(26112K)] 30877K->13405K(94720K), 0.0036397 secs] [Times: user=0.01 sys=0.00, real=0.00 secs] 
Heap after GC invocations=12 (full 0):
 PSYoungGen      total 26112K, used 1056K [0x00000000fdf00000, 0x0000000100000000, 0x0000000100000000)
  eden space 18432K, 0% used [0x00000000fdf00000,0x00000000fdf00000,0x00000000ff100000)
  from space 7680K, 13% used [0x00000000ff880000,0x00000000ff988010,0x0000000100000000)
  to   space 7680K, 0% used [0x00000000ff100000,0x00000000ff100000,0x00000000ff880000)
 ParOldGen       total 68608K, used 12349K [0x00000000f9c00000, 0x00000000fdf00000, 0x00000000fdf00000)
  object space 68608K, 17% used [0x00000000f9c00000,0x00000000fa80f400,0x00000000fdf00000)
 Metaspace       used 16364K, capacity 16788K, committed 17152K, reserved 1064960K
  class space    used 2112K, capacity 2191K, committed 2304K, reserved 1048576K
}
{Heap before GC invocations=13 (full 0):
 PSYoungGen      total 26112K, used 19488K [0x00000000fdf00000, 0x0000000100000000, 0x0000000100000000)
  eden space 18432K, 100% used [0x00000000fdf00000,0x00000000ff100000,0x00000000ff100000)
  from space 7680K, 13% used [0x00000000ff880000,0x00000000ff988010,0x0000000100000000)
  to   space 7680K, 0% used [0x00000000ff100000,0x00000000ff100000,0x00000000ff880000)
 ParOldGen       total 68608K, used 12349K [0x00000000f9c00000, 0x00000000fdf00000, 0x00000000fdf00000)
  object space 68608K, 17% used [0x00000000f9c00000,0x00000000fa80f400,0x00000000fdf00000)
 Metaspace       used 16365K, capacity 16788K, committed 17152K, reserved 1064960K
  class space    used 2112K, capacity 2191K, committed 2304K, reserved 1048576K
2023-03-06T01:54:03.163+0000: 3.712: [GC (Allocation Failure) [PSYoungGen: 19488K->544K(26112K)] 31837K->13909K(94720K), 0.0035051 secs] [Times: user=0.00 sys=0.00, real=0.00 secs] 
Heap after GC invocations=13 (full 0):
 PSYoungGen      total 26112K, used 544K [0x00000000fdf00000, 0x0000000100000000, 0x0000000100000000)
  eden space 18432K, 0% used [0x00000000fdf00000,0x00000000fdf00000,0x00000000ff100000)
  from space 7680K, 7% used [0x00000000ff100000,0x00000000ff188000,0x00000000ff880000)
  to   space 7680K, 0% used [0x00000000ff880000,0x00000000ff880000,0x0000000100000000)
 ParOldGen       total 68608K, used 13365K [0x00000000f9c00000, 0x00000000fdf00000, 0x00000000fdf00000)
  object space 68608K, 19% used [0x00000000f9c00000,0x00000000fa90d410,0x00000000fdf00000)
 Metaspace       used 16365K, capacity 16788K, committed 17152K, reserved 1064960K
  class space    used 2112K, capacity 2191K, committed 2304K, reserved 1048576K
}
{Heap before GC invocations=14 (full 0):
 PSYoungGen      total 26112K, used 18976K [0x00000000fdf00000, 0x0000000100000000, 0x0000000100000000)
  eden space 18432K, 100% used [0x00000000fdf00000,0x00000000ff100000,0x00000000ff100000)
  from space 7680K, 7% used [0x00000000ff100000,0x00000000ff188000,0x00000000ff880000)
  to   space 7680K, 0% used [0x00000000ff880000,0x00000000ff880000,0x0000000100000000)
 ParOldGen       total 68608K, used 13365K [0x00000000f9c00000, 0x00000000fdf00000, 0x00000000fdf00000)
  object space 68608K, 19% used [0x00000000f9c00000,0x00000000fa90d410,0x00000000fdf00000)
 Metaspace       used 16365K, capacity 16788K, committed 17152K, reserved 1064960K
  class space    used 2112K, capacity 2191K, committed 2304K, reserved 1048576K
2023-03-06T01:54:03.211+0000: 3.760: [GC (Allocation Failure) [PSYoungGen: 18976K->544K(26112K)] 32341K->14429K(94720K), 0.0033068 secs] [Times: user=0.01 sys=0.00, real=0.00 secs] 
Heap after GC invocations=14 (full 0):
 PSYoungGen      total 26112K, used 544K [0x00000000fdf00000, 0x0000000100000000, 0x0000000100000000)
  eden space 18432K, 0% used [0x00000000fdf00000,0x00000000fdf00000,0x00000000ff100000)
  from space 7680K, 7% used [0x00000000ff880000,0x00000000ff908000,0x0000000100000000)
  to   space 7680K, 0% used [0x00000000ff100000,0x00000000ff100000,0x00000000ff880000)
 ParOldGen       total 68608K, used 13885K [0x00000000f9c00000, 0x00000000fdf00000, 0x00000000fdf00000)
  object space 68608K, 20% used [0x00000000f9c00000,0x00000000fa98f410,0x00000000fdf00000)
 Metaspace       used 16365K, capacity 16788K, committed 17152K, reserved 1064960K
  class space    used 2112K, capacity 2191K, committed 2304K, reserved 1048576K
}
{Heap before GC invocations=15 (full 0):
 PSYoungGen      total 26112K, used 18976K [0x00000000fdf00000, 0x0000000100000000, 0x0000000100000000)
  eden space 18432K, 100% used [0x00000000fdf00000,0x00000000ff100000,0x00000000ff100000)
  from space 7680K, 7% used [0x00000000ff880000,0x00000000ff908000,0x0000000100000000)
  to   space 7680K, 0% used [0x00000000ff100000,0x00000000ff100000,0x00000000ff880000)
 ParOldGen       total 68608K, used 13885K [0x00000000f9c00000, 0x00000000fdf00000, 0x00000000fdf00000)
  object space 68608K, 20% used [0x00000000f9c00000,0x00000000fa98f410,0x00000000fdf00000)
 Metaspace       used 16367K, capacity 16788K, committed 17152K, reserved 1064960K
  class space    used 2112K, capacity 2191K, committed 2304K, reserved 1048576K
2023-03-06T01:54:03.279+0000: 3.829: [GC (Allocation Failure) [PSYoungGen: 18976K->544K(26112K)] 32861K->14949K(94720K), 0.0032243 secs] [Times: user=0.01 sys=0.00, real=0.01 secs] 
Heap after GC invocations=15 (full 0):
 PSYoungGen      total 26112K, used 544K [0x00000000fdf00000, 0x0000000100000000, 0x0000000100000000)
  eden space 18432K, 0% used [0x00000000fdf00000,0x00000000fdf00000,0x00000000ff100000)
  from space 7680K, 7% used [0x00000000ff100000,0x00000000ff188000,0x00000000ff880000)
  to   space 7680K, 0% used [0x00000000ff880000,0x00000000ff880000,0x0000000100000000)
 ParOldGen       total 68608K, used 14405K [0x00000000f9c00000, 0x00000000fdf00000, 0x00000000fdf00000)
  object space 68608K, 20% used [0x00000000f9c00000,0x00000000faa11410,0x00000000fdf00000)
 Metaspace       used 16367K, capacity 16788K, committed 17152K, reserved 1064960K
  class space    used 2112K, capacity 2191K, committed 2304K, reserved 1048576K
}
{Heap before GC invocations=16 (full 0):
 PSYoungGen      total 26112K, used 18976K [0x00000000fdf00000, 0x0000000100000000, 0x0000000100000000)
  eden space 18432K, 100% used [0x00000000fdf00000,0x00000000ff100000,0x00000000ff100000)
  from space 7680K, 7% used [0x00000000ff100000,0x00000000ff188000,0x00000000ff880000)
  to   space 7680K, 0% used [0x00000000ff880000,0x00000000ff880000,0x0000000100000000)
 ParOldGen       total 68608K, used 14405K [0x00000000f9c00000, 0x00000000fdf00000, 0x00000000fdf00000)
  object space 68608K, 20% used [0x00000000f9c00000,0x00000000faa11410,0x00000000fdf00000)
 Metaspace       used 16369K, capacity 16788K, committed 17152K, reserved 1064960K
  class space    used 2112K, capacity 2191K, committed 2304K, reserved 1048576K
2023-03-06T01:54:03.351+0000: 3.900: [GC (Allocation Failure) [PSYoungGen: 18976K->544K(26112K)] 33381K->15469K(94720K), 0.0032804 secs] [Times: user=0.00 sys=0.00, real=0.00 secs] 
Heap after GC invocations=16 (full 0):
 PSYoungGen      total 26112K, used 544K [0x00000000fdf00000, 0x0000000100000000, 0x0000000100000000)
  eden space 18432K, 0% used [0x00000000fdf00000,0x00000000fdf00000,0x00000000ff100000)
  from space 7680K, 7% used [0x00000000ff880000,0x00000000ff908000,0x0000000100000000)
  to   space 7680K, 0% used [0x00000000ff100000,0x00000000ff100000,0x00000000ff880000)
 ParOldGen       total 68608K, used 14925K [0x00000000f9c00000, 0x00000000fdf00000, 0x00000000fdf00000)
  object space 68608K, 21% used [0x00000000f9c00000,0x00000000faa93410,0x00000000fdf00000)
 Metaspace       used 16369K, capacity 16788K, committed 17152K, reserved 1064960K
  class space    used 2112K, capacity 2191K, committed 2304K, reserved 1048576K
}
{Heap before GC invocations=17 (full 0):
 PSYoungGen      total 26112K, used 18976K [0x00000000fdf00000, 0x0000000100000000, 0x0000000100000000)
  eden space 18432K, 100% used [0x00000000fdf00000,0x00000000ff100000,0x00000000ff100000)
  from space 7680K, 7% used [0x00000000ff880000,0x00000000ff908000,0x0000000100000000)
  to   space 7680K, 0% used [0x00000000ff100000,0x00000000ff100000,0x00000000ff880000)
 ParOldGen       total 68608K, used 14925K [0x00000000f9c00000, 0x00000000fdf00000, 0x00000000fdf00000)
  object space 68608K, 21% used [0x00000000f9c00000,0x00000000faa93410,0x00000000fdf00000)
 Metaspace       used 16370K, capacity 16788K, committed 17152K, reserved 1064960K
  class space    used 2112K, capacity 2191K, committed 2304K, reserved 1048576K
2023-03-06T01:54:03.422+0000: 3.972: [GC (Allocation Failure) [PSYoungGen: 18976K->544K(26112K)] 33901K->15997K(94720K), 0.0033516 secs] [Times: user=0.01 sys=0.00, real=0.00 secs] 
Heap after GC invocations=17 (full 0):
 PSYoungGen      total 26112K, used 544K [0x00000000fdf00000, 0x0000000100000000, 0x0000000100000000)
  eden space 18432K, 0% used [0x00000000fdf00000,0x00000000fdf00000,0x00000000ff100000)
  from space 7680K, 7% used [0x00000000ff100000,0x00000000ff188000,0x00000000ff880000)
  to   space 7168K, 0% used [0x00000000ff900000,0x00000000ff900000,0x0000000100000000)
 ParOldGen       total 68608K, used 15453K [0x00000000f9c00000, 0x00000000fdf00000, 0x00000000fdf00000)
  object space 68608K, 22% used [0x00000000f9c00000,0x00000000fab17410,0x00000000fdf00000)
 Metaspace       used 16370K, capacity 16788K, committed 17152K, reserved 1064960K
  class space    used 2112K, capacity 2191K, committed 2304K, reserved 1048576K
}
{Heap before GC invocations=18 (full 0):
 PSYoungGen      total 26112K, used 18976K [0x00000000fdf00000, 0x0000000100000000, 0x0000000100000000)
  eden space 18432K, 100% used [0x00000000fdf00000,0x00000000ff100000,0x00000000ff100000)
  from space 7680K, 7% used [0x00000000ff100000,0x00000000ff188000,0x00000000ff880000)
  to   space 7168K, 0% used [0x00000000ff900000,0x00000000ff900000,0x0000000100000000)
 ParOldGen       total 68608K, used 15453K [0x00000000f9c00000, 0x00000000fdf00000, 0x00000000fdf00000)
  object space 68608K, 22% used [0x00000000f9c00000,0x00000000fab17410,0x00000000fdf00000)
 Metaspace       used 16373K, capacity 16788K, committed 17152K, reserved 1064960K
  class space    used 2112K, capacity 2191K, committed 2304K, reserved 1048576K
2023-03-06T01:54:03.478+0000: 4.027: [GC (Allocation Failure) [PSYoungGen: 18976K->576K(26624K)] 34429K->16557K(95232K), 0.0032084 secs] [Times: user=0.01 sys=0.00, real=0.00 secs] 
Heap after GC invocations=18 (full 0):
 PSYoungGen      total 26624K, used 576K [0x00000000fdf00000, 0x0000000100000000, 0x0000000100000000)
  eden space 19456K, 0% used [0x00000000fdf00000,0x00000000fdf00000,0x00000000ff200000)
  from space 7168K, 8% used [0x00000000ff900000,0x00000000ff990000,0x0000000100000000)
  to   space 7168K, 0% used [0x00000000ff200000,0x00000000ff200000,0x00000000ff900000)
 ParOldGen       total 68608K, used 15981K [0x00000000f9c00000, 0x00000000fdf00000, 0x00000000fdf00000)
  object space 68608K, 23% used [0x00000000f9c00000,0x00000000fab9b410,0x00000000fdf00000)
 Metaspace       used 16373K, capacity 16788K, committed 17152K, reserved 1064960K
  class space    used 2112K, capacity 2191K, committed 2304K, reserved 1048576K
}
{Heap before GC invocations=19 (full 0):
 PSYoungGen      total 26624K, used 20032K [0x00000000fdf00000, 0x0000000100000000, 0x0000000100000000)
  eden space 19456K, 100% used [0x00000000fdf00000,0x00000000ff200000,0x00000000ff200000)
  from space 7168K, 8% used [0x00000000ff900000,0x00000000ff990000,0x0000000100000000)
  to   space 7168K, 0% used [0x00000000ff200000,0x00000000ff200000,0x00000000ff900000)
 ParOldGen       total 68608K, used 15981K [0x00000000f9c00000, 0x00000000fdf00000, 0x00000000fdf00000)
  object space 68608K, 23% used [0x00000000f9c00000,0x00000000fab9b410,0x00000000fdf00000)
 Metaspace       used 16375K, capacity 16788K, committed 17152K, reserved 1064960K
  class space    used 2112K, capacity 2191K, committed 2304K, reserved 1048576K
2023-03-06T01:54:03.525+0000: 4.074: [GC (Allocation Failure) [PSYoungGen: 20032K->576K(26624K)] 36013K->17069K(95232K), 0.0030438 secs] [Times: user=0.01 sys=0.00, real=0.00 secs] 
Heap after GC invocations=19 (full 0):
 PSYoungGen      total 26624K, used 576K [0x00000000fdf00000, 0x0000000100000000, 0x0000000100000000)
  eden space 19456K, 0% used [0x00000000fdf00000,0x00000000fdf00000,0x00000000ff200000)
  from space 7168K, 8% used [0x00000000ff200000,0x00000000ff290000,0x00000000ff900000)
  to   space 6656K, 0% used [0x00000000ff980000,0x00000000ff980000,0x0000000100000000)
 ParOldGen       total 68608K, used 16493K [0x00000000f9c00000, 0x00000000fdf00000, 0x00000000fdf00000)
  object space 68608K, 24% used [0x00000000f9c00000,0x00000000fac1b410,0x00000000fdf00000)
 Metaspace       used 16375K, capacity 16788K, committed 17152K, reserved 1064960K
  class space    used 2112K, capacity 2191K, committed 2304K, reserved 1048576K
}
{Heap before GC invocations=20 (full 0):
 PSYoungGen      total 26624K, used 20032K [0x00000000fdf00000, 0x0000000100000000, 0x0000000100000000)
  eden space 19456K, 100% used [0x00000000fdf00000,0x00000000ff200000,0x00000000ff200000)
  from space 7168K, 8% used [0x00000000ff200000,0x00000000ff290000,0x00000000ff900000)
  to   space 6656K, 0% used [0x00000000ff980000,0x00000000ff980000,0x0000000100000000)
 ParOldGen       total 68608K, used 16493K [0x00000000f9c00000, 0x00000000fdf00000, 0x00000000fdf00000)
  object space 68608K, 24% used [0x00000000f9c00000,0x00000000fac1b410,0x00000000fdf00000)
 Metaspace       used 16375K, capacity 16788K, committed 17152K, reserved 1064960K
  class space    used 2112K, capacity 2191K, committed 2304K, reserved 1048576K
2023-03-06T01:54:03.579+0000: 4.129: [GC (Allocation Failure) [PSYoungGen: 20032K->576K(27136K)] 36525K->17621K(95744K), 0.0031313 secs] [Times: user=0.00 sys=0.00, real=0.01 secs] 
Heap after GC invocations=20 (full 0):
 PSYoungGen      total 27136K, used 576K [0x00000000fdf00000, 0x0000000100000000, 0x0000000100000000)
  eden space 20480K, 0% used [0x00000000fdf00000,0x00000000fdf00000,0x00000000ff300000)
  from space 6656K, 8% used [0x00000000ff980000,0x00000000ffa10000,0x0000000100000000)
  to   space 6656K, 0% used [0x00000000ff300000,0x00000000ff300000,0x00000000ff980000)
 ParOldGen       total 68608K, used 17045K [0x00000000f9c00000, 0x00000000fdf00000, 0x00000000fdf00000)
  object space 68608K, 24% used [0x00000000f9c00000,0x00000000faca5410,0x00000000fdf00000)
 Metaspace       used 16375K, capacity 16788K, committed 17152K, reserved 1064960K
  class space    used 2112K, capacity 2191K, committed 2304K, reserved 1048576K
}
{Heap before GC invocations=21 (full 0):
 PSYoungGen      total 27136K, used 21056K [0x00000000fdf00000, 0x0000000100000000, 0x0000000100000000)
  eden space 20480K, 100% used [0x00000000fdf00000,0x00000000ff300000,0x00000000ff300000)
  from space 6656K, 8% used [0x00000000ff980000,0x00000000ffa10000,0x0000000100000000)
  to   space 6656K, 0% used [0x00000000ff300000,0x00000000ff300000,0x00000000ff980000)
 ParOldGen       total 68608K, used 17045K [0x00000000f9c00000, 0x00000000fdf00000, 0x00000000fdf00000)
  object space 68608K, 24% used [0x00000000f9c00000,0x00000000faca5410,0x00000000fdf00000)
 Metaspace       used 16378K, capacity 16788K, committed 17152K, reserved 1064960K
  class space    used 2112K, capacity 2191K, committed 2304K, reserved 1048576K
2023-03-06T01:54:03.643+0000: 4.192: [GC (Allocation Failure) [PSYoungGen: 21056K->608K(27136K)] 38101K->18197K(95744K), 0.0039683 secs] [Times: user=0.00 sys=0.00, real=0.00 secs] 
Heap after GC invocations=21 (full 0):
 PSYoungGen      total 27136K, used 608K [0x00000000fdf00000, 0x0000000100000000, 0x0000000100000000)
  eden space 20480K, 0% used [0x00000000fdf00000,0x00000000fdf00000,0x00000000ff300000)
  from space 6656K, 9% used [0x00000000ff300000,0x00000000ff398000,0x00000000ff980000)
  to   space 6144K, 0% used [0x00000000ffa00000,0x00000000ffa00000,0x0000000100000000)
 ParOldGen       total 68608K, used 17589K [0x00000000f9c00000, 0x00000000fdf00000, 0x00000000fdf00000)
  object space 68608K, 25% used [0x00000000f9c00000,0x00000000fad2d410,0x00000000fdf00000)
 Metaspace       used 16378K, capacity 16788K, committed 17152K, reserved 1064960K
  class space    used 2112K, capacity 2191K, committed 2304K, reserved 1048576K
}
{Heap before GC invocations=22 (full 0):
 PSYoungGen      total 27136K, used 21088K [0x00000000fdf00000, 0x0000000100000000, 0x0000000100000000)
  eden space 20480K, 100% used [0x00000000fdf00000,0x00000000ff300000,0x00000000ff300000)
  from space 6656K, 9% used [0x00000000ff300000,0x00000000ff398000,0x00000000ff980000)
  to   space 6144K, 0% used [0x00000000ffa00000,0x00000000ffa00000,0x0000000100000000)
 ParOldGen       total 68608K, used 17589K [0x00000000f9c00000, 0x00000000fdf00000, 0x00000000fdf00000)
  object space 68608K, 25% used [0x00000000f9c00000,0x00000000fad2d410,0x00000000fdf00000)
 Metaspace       used 16380K, capacity 16788K, committed 17152K, reserved 1064960K
  class space    used 2112K, capacity 2191K, committed 2304K, reserved 1048576K
2023-03-06T01:54:03.691+0000: 4.240: [GC (Allocation Failure) [PSYoungGen: 21088K->608K(27648K)] 38677K->18773K(96256K), 0.0039167 secs] [Times: user=0.01 sys=0.00, real=0.00 secs] 
Heap after GC invocations=22 (full 0):
 PSYoungGen      total 27648K, used 608K [0x00000000fdf00000, 0x0000000100000000, 0x0000000100000000)
  eden space 21504K, 0% used [0x00000000fdf00000,0x00000000fdf00000,0x00000000ff400000)
  from space 6144K, 9% used [0x00000000ffa00000,0x00000000ffa98000,0x0000000100000000)
  to   space 6144K, 0% used [0x00000000ff400000,0x00000000ff400000,0x00000000ffa00000)
 ParOldGen       total 68608K, used 18165K [0x00000000f9c00000, 0x00000000fdf00000, 0x00000000fdf00000)
  object space 68608K, 26% used [0x00000000f9c00000,0x00000000fadbd410,0x00000000fdf00000)
 Metaspace       used 16380K, capacity 16788K, committed 17152K, reserved 1064960K
  class space    used 2112K, capacity 2191K, committed 2304K, reserved 1048576K
}
{Heap before GC invocations=23 (full 0):
 PSYoungGen      total 27648K, used 22112K [0x00000000fdf00000, 0x0000000100000000, 0x0000000100000000)
  eden space 21504K, 100% used [0x00000000fdf00000,0x00000000ff400000,0x00000000ff400000)
  from space 6144K, 9% used [0x00000000ffa00000,0x00000000ffa98000,0x0000000100000000)
  to   space 6144K, 0% used [0x00000000ff400000,0x00000000ff400000,0x00000000ffa00000)
 ParOldGen       total 68608K, used 18165K [0x00000000f9c00000, 0x00000000fdf00000, 0x00000000fdf00000)
  object space 68608K, 26% used [0x00000000f9c00000,0x00000000fadbd410,0x00000000fdf00000)
 Metaspace       used 16382K, capacity 16788K, committed 17152K, reserved 1064960K
  class space    used 2112K, capacity 2191K, committed 2304K, reserved 1048576K
2023-03-06T01:54:03.741+0000: 4.290: [GC (Allocation Failure) [PSYoungGen: 22112K->1632K(27648K)] 40277K->20373K(96256K), 0.0038967 secs] [Times: user=0.01 sys=0.00, real=0.01 secs] 
Heap after GC invocations=23 (full 0):
 PSYoungGen      total 27648K, used 1632K [0x00000000fdf00000, 0x0000000100000000, 0x0000000100000000)
  eden space 21504K, 0% used [0x00000000fdf00000,0x00000000fdf00000,0x00000000ff400000)
  from space 6144K, 26% used [0x00000000ff400000,0x00000000ff598010,0x00000000ffa00000)
  to   space 5632K, 0% used [0x00000000ffa80000,0x00000000ffa80000,0x0000000100000000)
 ParOldGen       total 68608K, used 18741K [0x00000000f9c00000, 0x00000000fdf00000, 0x00000000fdf00000)
  object space 68608K, 27% used [0x00000000f9c00000,0x00000000fae4d410,0x00000000fdf00000)
 Metaspace       used 16382K, capacity 16788K, committed 17152K, reserved 1064960K
  class space    used 2112K, capacity 2191K, committed 2304K, reserved 1048576K
}
{Heap before GC invocations=24 (full 0):
 PSYoungGen      total 27648K, used 23136K [0x00000000fdf00000, 0x0000000100000000, 0x0000000100000000)
  eden space 21504K, 100% used [0x00000000fdf00000,0x00000000ff400000,0x00000000ff400000)
  from space 6144K, 26% used [0x00000000ff400000,0x00000000ff598010,0x00000000ffa00000)
  to   space 5632K, 0% used [0x00000000ffa80000,0x00000000ffa80000,0x0000000100000000)
 ParOldGen       total 68608K, used 18741K [0x00000000f9c00000, 0x00000000fdf00000, 0x00000000fdf00000)
  object space 68608K, 27% used [0x00000000f9c00000,0x00000000fae4d410,0x00000000fdf00000)
 Metaspace       used 16384K, capacity 16788K, committed 17152K, reserved 1064960K
  class space    used 2112K, capacity 2191K, committed 2304K, reserved 1048576K
2023-03-06T01:54:03.786+0000: 4.335: [GC (Allocation Failure) [PSYoungGen: 23136K->640K(28672K)] 41877K->20989K(97280K), 0.0095527 secs] [Times: user=0.03 sys=0.00, real=0.01 secs] 
Heap after GC invocations=24 (full 0):
 PSYoungGen      total 28672K, used 640K [0x00000000fdf00000, 0x0000000100000000, 0x0000000100000000)
  eden space 23040K, 0% used [0x00000000fdf00000,0x00000000fdf00000,0x00000000ff580000)
  from space 5632K, 11% used [0x00000000ffa80000,0x00000000ffb20000,0x0000000100000000)
  to   space 5120K, 0% used [0x00000000ff580000,0x00000000ff580000,0x00000000ffa80000)
 ParOldGen       total 68608K, used 20349K [0x00000000f9c00000, 0x00000000fdf00000, 0x00000000fdf00000)
  object space 68608K, 29% used [0x00000000f9c00000,0x00000000fafdf420,0x00000000fdf00000)
 Metaspace       used 16384K, capacity 16788K, committed 17152K, reserved 1064960K
  class space    used 2112K, capacity 2191K, committed 2304K, reserved 1048576K
}
{Heap before GC invocations=25 (full 0):
 PSYoungGen      total 28672K, used 23680K [0x00000000fdf00000, 0x0000000100000000, 0x0000000100000000)
  eden space 23040K, 100% used [0x00000000fdf00000,0x00000000ff580000,0x00000000ff580000)
  from space 5632K, 11% used [0x00000000ffa80000,0x00000000ffb20000,0x0000000100000000)
  to   space 5120K, 0% used [0x00000000ff580000,0x00000000ff580000,0x00000000ffa80000)
 ParOldGen       total 68608K, used 20349K [0x00000000f9c00000, 0x00000000fdf00000, 0x00000000fdf00000)
  object space 68608K, 29% used [0x00000000f9c00000,0x00000000fafdf420,0x00000000fdf00000)
 Metaspace       used 16385K, capacity 16788K, committed 17152K, reserved 1064960K
  class space    used 2112K, capacity 2191K, committed 2304K, reserved 1048576K
2023-03-06T01:54:03.842+0000: 4.391: [GC (Allocation Failure) [PSYoungGen: 23680K->672K(28160K)] 44029K->21637K(96768K), 0.0036485 secs] [Times: user=0.00 sys=0.00, real=0.01 secs] 
Heap after GC invocations=25 (full 0):
 PSYoungGen      total 28160K, used 672K [0x00000000fdf00000, 0x0000000100000000, 0x0000000100000000)
  eden space 23040K, 0% used [0x00000000fdf00000,0x00000000fdf00000,0x00000000ff580000)
  from space 5120K, 13% used [0x00000000ff580000,0x00000000ff628000,0x00000000ffa80000)
  to   space 5120K, 0% used [0x00000000ffb00000,0x00000000ffb00000,0x0000000100000000)
 ParOldGen       total 68608K, used 20965K [0x00000000f9c00000, 0x00000000fdf00000, 0x00000000fdf00000)
  object space 68608K, 30% used [0x00000000f9c00000,0x00000000fb079420,0x00000000fdf00000)
 Metaspace       used 16385K, capacity 16788K, committed 17152K, reserved 1064960K
  class space    used 2112K, capacity 2191K, committed 2304K, reserved 1048576K
}
{Heap before GC invocations=26 (full 0):
 PSYoungGen      total 28160K, used 23712K [0x00000000fdf00000, 0x0000000100000000, 0x0000000100000000)
  eden space 23040K, 100% used [0x00000000fdf00000,0x00000000ff580000,0x00000000ff580000)
  from space 5120K, 13% used [0x00000000ff580000,0x00000000ff628000,0x00000000ffa80000)
  to   space 5120K, 0% used [0x00000000ffb00000,0x00000000ffb00000,0x0000000100000000)
 ParOldGen       total 68608K, used 20965K [0x00000000f9c00000, 0x00000000fdf00000, 0x00000000fdf00000)
  object space 68608K, 30% used [0x00000000f9c00000,0x00000000fb079420,0x00000000fdf00000)
 Metaspace       used 16387K, capacity 16788K, committed 17152K, reserved 1064960K
  class space    used 2112K, capacity 2191K, committed 2304K, reserved 1048576K
2023-03-06T01:54:03.889+0000: 4.438: [GC (Allocation Failure) [PSYoungGen: 23712K->704K(28672K)] 44677K->22325K(97280K), 0.0032128 secs] [Times: user=0.01 sys=0.00, real=0.01 secs] 
Heap after GC invocations=26 (full 0):
 PSYoungGen      total 28672K, used 704K [0x00000000fdf00000, 0x0000000100000000, 0x0000000100000000)
  eden space 23552K, 0% used [0x00000000fdf00000,0x00000000fdf00000,0x00000000ff600000)
  from space 5120K, 13% used [0x00000000ffb00000,0x00000000ffbb0000,0x0000000100000000)
  to   space 5120K, 0% used [0x00000000ff600000,0x00000000ff600000,0x00000000ffb00000)
 ParOldGen       total 68608K, used 21621K [0x00000000f9c00000, 0x00000000fdf00000, 0x00000000fdf00000)
  object space 68608K, 31% used [0x00000000f9c00000,0x00000000fb11d420,0x00000000fdf00000)
 Metaspace       used 16387K, capacity 16788K, committed 17152K, reserved 1064960K
  class space    used 2112K, capacity 2191K, committed 2304K, reserved 1048576K
}
{Heap before GC invocations=27 (full 0):
 PSYoungGen      total 28672K, used 24256K [0x00000000fdf00000, 0x0000000100000000, 0x0000000100000000)
  eden space 23552K, 100% used [0x00000000fdf00000,0x00000000ff600000,0x00000000ff600000)
  from space 5120K, 13% used [0x00000000ffb00000,0x00000000ffbb0000,0x0000000100000000)
  to   space 5120K, 0% used [0x00000000ff600000,0x00000000ff600000,0x00000000ffb00000)
 ParOldGen       total 68608K, used 21621K [0x00000000f9c00000, 0x00000000fdf00000, 0x00000000fdf00000)
  object space 68608K, 31% used [0x00000000f9c00000,0x00000000fb11d420,0x00000000fdf00000)
 Metaspace       used 16387K, capacity 16788K, committed 17152K, reserved 1064960K
  class space    used 2112K, capacity 2191K, committed 2304K, reserved 1048576K
2023-03-06T01:54:03.937+0000: 4.486: [GC (Allocation Failure) [PSYoungGen: 24256K->704K(28672K)] 45877K->22973K(97280K), 0.0037919 secs] [Times: user=0.00 sys=0.00, real=0.00 secs] 
Heap after GC invocations=27 (full 0):
 PSYoungGen      total 28672K, used 704K [0x00000000fdf00000, 0x0000000100000000, 0x0000000100000000)
  eden space 23552K, 0% used [0x00000000fdf00000,0x00000000fdf00000,0x00000000ff600000)
  from space 5120K, 13% used [0x00000000ff600000,0x00000000ff6b0000,0x00000000ffb00000)
  to   space 4608K, 0% used [0x00000000ffb80000,0x00000000ffb80000,0x0000000100000000)
 ParOldGen       total 68608K, used 22269K [0x00000000f9c00000, 0x00000000fdf00000, 0x00000000fdf00000)
  object space 68608K, 32% used [0x00000000f9c00000,0x00000000fb1bf420,0x00000000fdf00000)
 Metaspace       used 16387K, capacity 16788K, committed 17152K, reserved 1064960K
  class space    used 2112K, capacity 2191K, committed 2304K, reserved 1048576K
}
{Heap before GC invocations=28 (full 0):
 PSYoungGen      total 28672K, used 24256K [0x00000000fdf00000, 0x0000000100000000, 0x0000000100000000)
  eden space 23552K, 100% used [0x00000000fdf00000,0x00000000ff600000,0x00000000ff600000)
  from space 5120K, 13% used [0x00000000ff600000,0x00000000ff6b0000,0x00000000ffb00000)
  to   space 4608K, 0% used [0x00000000ffb80000,0x00000000ffb80000,0x0000000100000000)
 ParOldGen       total 68608K, used 22269K [0x00000000f9c00000, 0x00000000fdf00000, 0x00000000fdf00000)
  object space 68608K, 32% used [0x00000000f9c00000,0x00000000fb1bf420,0x00000000fdf00000)
 Metaspace       used 16387K, capacity 16788K, committed 17152K, reserved 1064960K
  class space    used 2112K, capacity 2191K, committed 2304K, reserved 1048576K
2023-03-06T01:54:03.986+0000: 4.535: [GC (Allocation Failure) [PSYoungGen: 24256K->704K(29184K)] 46525K->23637K(97792K), 0.0033686 secs] [Times: user=0.00 sys=0.00, real=0.00 secs] 
Heap after GC invocations=28 (full 0):
 PSYoungGen      total 29184K, used 704K [0x00000000fdf00000, 0x0000000100000000, 0x0000000100000000)
  eden space 24576K, 0% used [0x00000000fdf00000,0x00000000fdf00000,0x00000000ff700000)
  from space 4608K, 15% used [0x00000000ffb80000,0x00000000ffc30000,0x0000000100000000)
  to   space 4608K, 0% used [0x00000000ff700000,0x00000000ff700000,0x00000000ffb80000)
 ParOldGen       total 68608K, used 22933K [0x00000000f9c00000, 0x00000000fdf00000, 0x00000000fdf00000)
  object space 68608K, 33% used [0x00000000f9c00000,0x00000000fb265420,0x00000000fdf00000)
 Metaspace       used 16387K, capacity 16788K, committed 17152K, reserved 1064960K
  class space    used 2112K, capacity 2191K, committed 2304K, reserved 1048576K
}
{Heap before GC invocations=29 (full 0):
 PSYoungGen      total 29184K, used 25280K [0x00000000fdf00000, 0x0000000100000000, 0x0000000100000000)
  eden space 24576K, 100% used [0x00000000fdf00000,0x00000000ff700000,0x00000000ff700000)
  from space 4608K, 15% used [0x00000000ffb80000,0x00000000ffc30000,0x0000000100000000)
  to   space 4608K, 0% used [0x00000000ff700000,0x00000000ff700000,0x00000000ffb80000)
 ParOldGen       total 68608K, used 22933K [0x00000000f9c00000, 0x00000000fdf00000, 0x00000000fdf00000)
  object space 68608K, 33% used [0x00000000f9c00000,0x00000000fb265420,0x00000000fdf00000)
 Metaspace       used 16387K, capacity 16788K, committed 17152K, reserved 1064960K
  class space    used 2112K, capacity 2191K, committed 2304K, reserved 1048576K
2023-03-06T01:54:04.095+0000: 4.645: [GC (Allocation Failure) [PSYoungGen: 25280K->736K(29184K)] 48213K->24333K(97792K), 0.0038893 secs] [Times: user=0.00 sys=0.00, real=0.00 secs] 
Heap after GC invocations=29 (full 0):
 PSYoungGen      total 29184K, used 736K [0x00000000fdf00000, 0x0000000100000000, 0x0000000100000000)
  eden space 24576K, 0% used [0x00000000fdf00000,0x00000000fdf00000,0x00000000ff700000)
  from space 4608K, 15% used [0x00000000ff700000,0x00000000ff7b8000,0x00000000ffb80000)
  to   space 4096K, 0% used [0x00000000ffc00000,0x00000000ffc00000,0x0000000100000000)
 ParOldGen       total 68608K, used 23597K [0x00000000f9c00000, 0x00000000fdf00000, 0x00000000fdf00000)
  object space 68608K, 34% used [0x00000000f9c00000,0x00000000fb30b420,0x00000000fdf00000)
 Metaspace       used 16387K, capacity 16788K, committed 17152K, reserved 1064960K
  class space    used 2112K, capacity 2191K, committed 2304K, reserved 1048576K
}
{Heap before GC invocations=30 (full 0):
 PSYoungGen      total 29184K, used 25312K [0x00000000fdf00000, 0x0000000100000000, 0x0000000100000000)
  eden space 24576K, 100% used [0x00000000fdf00000,0x00000000ff700000,0x00000000ff700000)
  from space 4608K, 15% used [0x00000000ff700000,0x00000000ff7b8000,0x00000000ffb80000)
  to   space 4096K, 0% used [0x00000000ffc00000,0x00000000ffc00000,0x0000000100000000)
 ParOldGen       total 68608K, used 23597K [0x00000000f9c00000, 0x00000000fdf00000, 0x00000000fdf00000)
  object space 68608K, 34% used [0x00000000f9c00000,0x00000000fb30b420,0x00000000fdf00000)
 Metaspace       used 16388K, capacity 16788K, committed 17152K, reserved 1064960K
  class space    used 2112K, capacity 2191K, committed 2304K, reserved 1048576K
2023-03-06T01:54:04.181+0000: 4.730: [GC (Allocation Failure) [PSYoungGen: 25312K->736K(29696K)] 48909K->25029K(98304K), 0.0045268 secs] [Times: user=0.01 sys=0.00, real=0.01 secs] 
Heap after GC invocations=30 (full 0):
 PSYoungGen      total 29696K, used 736K [0x00000000fdf00000, 0x0000000100000000, 0x0000000100000000)
  eden space 25600K, 0% used [0x00000000fdf00000,0x00000000fdf00000,0x00000000ff800000)
  from space 4096K, 17% used [0x00000000ffc00000,0x00000000ffcb8000,0x0000000100000000)
  to   space 4096K, 0% used [0x00000000ff800000,0x00000000ff800000,0x00000000ffc00000)
 ParOldGen       total 68608K, used 24293K [0x00000000f9c00000, 0x00000000fdf00000, 0x00000000fdf00000)
  object space 68608K, 35% used [0x00000000f9c00000,0x00000000fb3b9420,0x00000000fdf00000)
 Metaspace       used 16388K, capacity 16788K, committed 17152K, reserved 1064960K
  class space    used 2112K, capacity 2191K, committed 2304K, reserved 1048576K
}
{Heap before GC invocations=31 (full 0):
 PSYoungGen      total 29696K, used 26336K [0x00000000fdf00000, 0x0000000100000000, 0x0000000100000000)
  eden space 25600K, 100% used [0x00000000fdf00000,0x00000000ff800000,0x00000000ff800000)
  from space 4096K, 17% used [0x00000000ffc00000,0x00000000ffcb8000,0x0000000100000000)
  to   space 4096K, 0% used [0x00000000ff800000,0x00000000ff800000,0x00000000ffc00000)
 ParOldGen       total 68608K, used 24293K [0x00000000f9c00000, 0x00000000fdf00000, 0x00000000fdf00000)
  object space 68608K, 35% used [0x00000000f9c00000,0x00000000fb3b9420,0x00000000fdf00000)
 Metaspace       used 16388K, capacity 16788K, committed 17152K, reserved 1064960K
  class space    used 2112K, capacity 2191K, committed 2304K, reserved 1048576K
2023-03-06T01:54:04.271+0000: 4.820: [GC (Allocation Failure) [PSYoungGen: 26336K->736K(29696K)] 50629K->25717K(98304K), 0.0038230 secs] [Times: user=0.01 sys=0.00, real=0.00 secs] 
Heap after GC invocations=31 (full 0):
 PSYoungGen      total 29696K, used 736K [0x00000000fdf00000, 0x0000000100000000, 0x0000000100000000)
  eden space 25600K, 0% used [0x00000000fdf00000,0x00000000fdf00000,0x00000000ff800000)
  from space 4096K, 17% used [0x00000000ff800000,0x00000000ff8b8000,0x00000000ffc00000)
  to   space 3584K, 0% used [0x00000000ffc80000,0x00000000ffc80000,0x0000000100000000)
 ParOldGen       total 68608K, used 24981K [0x00000000f9c00000, 0x00000000fdf00000, 0x00000000fdf00000)
  object space 68608K, 36% used [0x00000000f9c00000,0x00000000fb465420,0x00000000fdf00000)
 Metaspace       used 16388K, capacity 16788K, committed 17152K, reserved 1064960K
  class space    used 2112K, capacity 2191K, committed 2304K, reserved 1048576K
}
{Heap before GC invocations=32 (full 0):
 PSYoungGen      total 29696K, used 26336K [0x00000000fdf00000, 0x0000000100000000, 0x0000000100000000)
  eden space 25600K, 100% used [0x00000000fdf00000,0x00000000ff800000,0x00000000ff800000)
  from space 4096K, 17% used [0x00000000ff800000,0x00000000ff8b8000,0x00000000ffc00000)
  to   space 3584K, 0% used [0x00000000ffc80000,0x00000000ffc80000,0x0000000100000000)
 ParOldGen       total 68608K, used 24981K [0x00000000f9c00000, 0x00000000fdf00000, 0x00000000fdf00000)
  object space 68608K, 36% used [0x00000000f9c00000,0x00000000fb465420,0x00000000fdf00000)
 Metaspace       used 16389K, capacity 16788K, committed 17152K, reserved 1064960K
  class space    used 2112K, capacity 2191K, committed 2304K, reserved 1048576K
2023-03-06T01:54:04.362+0000: 4.911: [GC (Allocation Failure) [PSYoungGen: 26336K->768K(30208K)] 51317K->26477K(98816K), 0.0060124 secs] [Times: user=0.02 sys=0.00, real=0.00 secs] 
Heap after GC invocations=32 (full 0):
 PSYoungGen      total 30208K, used 768K [0x00000000fdf00000, 0x0000000100000000, 0x0000000100000000)
  eden space 26624K, 0% used [0x00000000fdf00000,0x00000000fdf00000,0x00000000ff900000)
  from space 3584K, 21% used [0x00000000ffc80000,0x00000000ffd40000,0x0000000100000000)
  to   space 3584K, 0% used [0x00000000ff900000,0x00000000ff900000,0x00000000ffc80000)
 ParOldGen       total 68608K, used 25709K [0x00000000f9c00000, 0x00000000fdf00000, 0x00000000fdf00000)
  object space 68608K, 37% used [0x00000000f9c00000,0x00000000fb51b420,0x00000000fdf00000)
 Metaspace       used 16389K, capacity 16788K, committed 17152K, reserved 1064960K
  class space    used 2112K, capacity 2191K, committed 2304K, reserved 1048576K
}
{Heap before GC invocations=33 (full 0):
 PSYoungGen      total 30208K, used 27392K [0x00000000fdf00000, 0x0000000100000000, 0x0000000100000000)
  eden space 26624K, 100% used [0x00000000fdf00000,0x00000000ff900000,0x00000000ff900000)
  from space 3584K, 21% used [0x00000000ffc80000,0x00000000ffd40000,0x0000000100000000)
  to   space 3584K, 0% used [0x00000000ff900000,0x00000000ff900000,0x00000000ffc80000)
 ParOldGen       total 68608K, used 25709K [0x00000000f9c00000, 0x00000000fdf00000, 0x00000000fdf00000)
  object space 68608K, 37% used [0x00000000f9c00000,0x00000000fb51b420,0x00000000fdf00000)
 Metaspace       used 16393K, capacity 16788K, committed 17152K, reserved 1064960K
  class space    used 2112K, capacity 2191K, committed 2304K, reserved 1048576K
2023-03-06T01:54:04.457+0000: 5.006: [GC (Allocation Failure) [PSYoungGen: 27392K->800K(30208K)] 53101K->27229K(98816K), 0.0039505 secs] [Times: user=0.01 sys=0.00, real=0.00 secs] 
Heap after GC invocations=33 (full 0):
 PSYoungGen      total 30208K, used 800K [0x00000000fdf00000, 0x0000000100000000, 0x0000000100000000)
  eden space 26624K, 0% used [0x00000000fdf00000,0x00000000fdf00000,0x00000000ff900000)
  from space 3584K, 22% used [0x00000000ff900000,0x00000000ff9c8000,0x00000000ffc80000)
  to   space 3584K, 0% used [0x00000000ffc80000,0x00000000ffc80000,0x0000000100000000)
 ParOldGen       total 68608K, used 26429K [0x00000000f9c00000, 0x00000000fdf00000, 0x00000000fdf00000)
  object space 68608K, 38% used [0x00000000f9c00000,0x00000000fb5cf420,0x00000000fdf00000)
 Metaspace       used 16393K, capacity 16788K, committed 17152K, reserved 1064960K
  class space    used 2112K, capacity 2191K, committed 2304K, reserved 1048576K
}
{Heap before GC invocations=34 (full 0):
 PSYoungGen      total 30208K, used 27424K [0x00000000fdf00000, 0x0000000100000000, 0x0000000100000000)
  eden space 26624K, 100% used [0x00000000fdf00000,0x00000000ff900000,0x00000000ff900000)
  from space 3584K, 22% used [0x00000000ff900000,0x00000000ff9c8000,0x00000000ffc80000)
  to   space 3584K, 0% used [0x00000000ffc80000,0x00000000ffc80000,0x0000000100000000)
 ParOldGen       total 68608K, used 26429K [0x00000000f9c00000, 0x00000000fdf00000, 0x00000000fdf00000)
  object space 68608K, 38% used [0x00000000f9c00000,0x00000000fb5cf420,0x00000000fdf00000)
 Metaspace       used 16393K, capacity 16788K, committed 17152K, reserved 1064960K
  class space    used 2112K, capacity 2191K, committed 2304K, reserved 1048576K
2023-03-06T01:54:04.532+0000: 5.081: [GC (Allocation Failure) [PSYoungGen: 27424K->800K(30720K)] 53853K->27981K(99328K), 0.0045107 secs] [Times: user=0.02 sys=0.00, real=0.00 secs] 
Heap after GC invocations=34 (full 0):
 PSYoungGen      total 30720K, used 800K [0x00000000fdf00000, 0x0000000100000000, 0x0000000100000000)
  eden space 27136K, 0% used [0x00000000fdf00000,0x00000000fdf00000,0x00000000ff980000)
  from space 3584K, 22% used [0x00000000ffc80000,0x00000000ffd48000,0x0000000100000000)
  to   space 3072K, 0% used [0x00000000ff980000,0x00000000ff980000,0x00000000ffc80000)
 ParOldGen       total 68608K, used 27181K [0x00000000f9c00000, 0x00000000fdf00000, 0x00000000fdf00000)
  object space 68608K, 39% used [0x00000000f9c00000,0x00000000fb68b420,0x00000000fdf00000)
 Metaspace       used 16393K, capacity 16788K, committed 17152K, reserved 1064960K
  class space    used 2112K, capacity 2191K, committed 2304K, reserved 1048576K
}
{Heap before GC invocations=35 (full 0):
 PSYoungGen      total 30720K, used 27936K [0x00000000fdf00000, 0x0000000100000000, 0x0000000100000000)
  eden space 27136K, 100% used [0x00000000fdf00000,0x00000000ff980000,0x00000000ff980000)
  from space 3584K, 22% used [0x00000000ffc80000,0x00000000ffd48000,0x0000000100000000)
  to   space 3072K, 0% used [0x00000000ff980000,0x00000000ff980000,0x00000000ffc80000)
 ParOldGen       total 68608K, used 27181K [0x00000000f9c00000, 0x00000000fdf00000, 0x00000000fdf00000)
  object space 68608K, 39% used [0x00000000f9c00000,0x00000000fb68b420,0x00000000fdf00000)
 Metaspace       used 16930K, capacity 17306K, committed 17664K, reserved 1064960K
  class space    used 2160K, capacity 2256K, committed 2304K, reserved 1048576K
2023-03-06T01:54:05.730+0000: 6.279: [GC (Allocation Failure) [PSYoungGen: 27936K->2912K(30208K)] 55117K->33909K(98816K), 0.0039366 secs] [Times: user=0.00 sys=0.00, real=0.01 secs] 
Heap after GC invocations=35 (full 0):
 PSYoungGen      total 30208K, used 2912K [0x00000000fdf00000, 0x0000000100000000, 0x0000000100000000)
  eden space 27136K, 0% used [0x00000000fdf00000,0x00000000fdf00000,0x00000000ff980000)
  from space 3072K, 94% used [0x00000000ff980000,0x00000000ffc58020,0x00000000ffc80000)
  to   space 3584K, 0% used [0x00000000ffc80000,0x00000000ffc80000,0x0000000100000000)
 ParOldGen       total 68608K, used 30997K [0x00000000f9c00000, 0x00000000fdf00000, 0x00000000fdf00000)
  object space 68608K, 45% used [0x00000000f9c00000,0x00000000fba45450,0x00000000fdf00000)
 Metaspace       used 16930K, capacity 17306K, committed 17664K, reserved 1064960K
  class space    used 2160K, capacity 2256K, committed 2304K, reserved 1048576K
}
{Heap before GC invocations=36 (full 0):
 PSYoungGen      total 30208K, used 30048K [0x00000000fdf00000, 0x0000000100000000, 0x0000000100000000)
  eden space 27136K, 100% used [0x00000000fdf00000,0x00000000ff980000,0x00000000ff980000)
  from space 3072K, 94% used [0x00000000ff980000,0x00000000ffc58020,0x00000000ffc80000)
  to   space 3584K, 0% used [0x00000000ffc80000,0x00000000ffc80000,0x0000000100000000)
 ParOldGen       total 68608K, used 30997K [0x00000000f9c00000, 0x00000000fdf00000, 0x00000000fdf00000)
  object space 68608K, 45% used [0x00000000f9c00000,0x00000000fba45450,0x00000000fdf00000)
 Metaspace       used 16940K, capacity 17370K, committed 17664K, reserved 1064960K
  class space    used 2160K, capacity 2256K, committed 2304K, reserved 1048576K
2023-03-06T01:54:05.907+0000: 6.456: [GC (Allocation Failure) [PSYoungGen: 30048K->800K(30208K)] 61045K->34646K(98816K), 0.0039965 secs] [Times: user=0.00 sys=0.00, real=0.01 secs] 
Heap after GC invocations=36 (full 0):
 PSYoungGen      total 30208K, used 800K [0x00000000fdf00000, 0x0000000100000000, 0x0000000100000000)
  eden space 26624K, 0% used [0x00000000fdf00000,0x00000000fdf00000,0x00000000ff900000)
  from space 3584K, 22% used [0x00000000ffc80000,0x00000000ffd48000,0x0000000100000000)
  to   space 3584K, 0% used [0x00000000ff900000,0x00000000ff900000,0x00000000ffc80000)
 ParOldGen       total 68608K, used 33846K [0x00000000f9c00000, 0x00000000fdf00000, 0x00000000fdf00000)
  object space 68608K, 49% used [0x00000000f9c00000,0x00000000fbd0d848,0x00000000fdf00000)
 Metaspace       used 16940K, capacity 17370K, committed 17664K, reserved 1064960K
  class space    used 2160K, capacity 2256K, committed 2304K, reserved 1048576K
}
{Heap before GC invocations=37 (full 0):
 PSYoungGen      total 30208K, used 27424K [0x00000000fdf00000, 0x0000000100000000, 0x0000000100000000)
  eden space 26624K, 100% used [0x00000000fdf00000,0x00000000ff900000,0x00000000ff900000)
  from space 3584K, 22% used [0x00000000ffc80000,0x00000000ffd48000,0x0000000100000000)
  to   space 3584K, 0% used [0x00000000ff900000,0x00000000ff900000,0x00000000ffc80000)
 ParOldGen       total 68608K, used 33846K [0x00000000f9c00000, 0x00000000fdf00000, 0x00000000fdf00000)
  object space 68608K, 49% used [0x00000000f9c00000,0x00000000fbd0d848,0x00000000fdf00000)
 Metaspace       used 16968K, capacity 17388K, committed 17664K, reserved 1064960K
  class space    used 2161K, capacity 2259K, committed 2304K, reserved 1048576K
2023-03-06T01:54:06.051+0000: 6.600: [GC (Allocation Failure) [PSYoungGen: 27424K->800K(30208K)] 61270K->35402K(98816K), 0.0031819 secs] [Times: user=0.01 sys=0.00, real=0.00 secs] 
Heap after GC invocations=37 (full 0):
 PSYoungGen      total 30208K, used 800K [0x00000000fdf00000, 0x0000000100000000, 0x0000000100000000)
  eden space 26624K, 0% used [0x00000000fdf00000,0x00000000fdf00000,0x00000000ff900000)
  from space 3584K, 22% used [0x00000000ff900000,0x00000000ff9c8000,0x00000000ffc80000)
  to   space 3584K, 0% used [0x00000000ffc80000,0x00000000ffc80000,0x0000000100000000)
 ParOldGen       total 68608K, used 34602K [0x00000000f9c00000, 0x00000000fdf00000, 0x00000000fdf00000)
  object space 68608K, 50% used [0x00000000f9c00000,0x00000000fbdca860,0x00000000fdf00000)
 Metaspace       used 16968K, capacity 17388K, committed 17664K, reserved 1064960K
  class space    used 2161K, capacity 2259K, committed 2304K, reserved 1048576K
}
{Heap before GC invocations=38 (full 0):
 PSYoungGen      total 30208K, used 27424K [0x00000000fdf00000, 0x0000000100000000, 0x0000000100000000)
  eden space 26624K, 100% used [0x00000000fdf00000,0x00000000ff900000,0x00000000ff900000)
  from space 3584K, 22% used [0x00000000ff900000,0x00000000ff9c8000,0x00000000ffc80000)
  to   space 3584K, 0% used [0x00000000ffc80000,0x00000000ffc80000,0x0000000100000000)
 ParOldGen       total 68608K, used 34602K [0x00000000f9c00000, 0x00000000fdf00000, 0x00000000fdf00000)
  object space 68608K, 50% used [0x00000000f9c00000,0x00000000fbdca860,0x00000000fdf00000)
 Metaspace       used 16969K, capacity 17388K, committed 17664K, reserved 1064960K
  class space    used 2161K, capacity 2259K, committed 2304K, reserved 1048576K
2023-03-06T01:54:06.171+0000: 6.720: [GC (Allocation Failure) [PSYoungGen: 27424K->800K(30720K)] 62026K->36166K(99328K), 0.0049458 secs] [Times: user=0.01 sys=0.00, real=0.00 secs] 
Heap after GC invocations=38 (full 0):
 PSYoungGen      total 30720K, used 800K [0x00000000fdf00000, 0x0000000100000000, 0x0000000100000000)
  eden space 27136K, 0% used [0x00000000fdf00000,0x00000000fdf00000,0x00000000ff980000)
  from space 3584K, 22% used [0x00000000ffc80000,0x00000000ffd48000,0x0000000100000000)
  to   space 3072K, 0% used [0x00000000ff980000,0x00000000ff980000,0x00000000ffc80000)
 ParOldGen       total 68608K, used 35366K [0x00000000f9c00000, 0x00000000fdf00000, 0x00000000fdf00000)
  object space 68608K, 51% used [0x00000000f9c00000,0x00000000fbe89878,0x00000000fdf00000)
 Metaspace       used 16969K, capacity 17388K, committed 17664K, reserved 1064960K
  class space    used 2161K, capacity 2259K, committed 2304K, reserved 1048576K
}
{Heap before GC invocations=39 (full 0):
 PSYoungGen      total 30720K, used 27936K [0x00000000fdf00000, 0x0000000100000000, 0x0000000100000000)
  eden space 27136K, 100% used [0x00000000fdf00000,0x00000000ff980000,0x00000000ff980000)
  from space 3584K, 22% used [0x00000000ffc80000,0x00000000ffd48000,0x0000000100000000)
  to   space 3072K, 0% used [0x00000000ff980000,0x00000000ff980000,0x00000000ffc80000)
 ParOldGen       total 68608K, used 35366K [0x00000000f9c00000, 0x00000000fdf00000, 0x00000000fdf00000)
  object space 68608K, 51% used [0x00000000f9c00000,0x00000000fbe89878,0x00000000fdf00000)
 Metaspace       used 16971K, capacity 17388K, committed 17664K, reserved 1064960K
  class space    used 2161K, capacity 2259K, committed 2304K, reserved 1048576K
2023-03-06T01:54:06.318+0000: 6.867: [GC (Allocation Failure) [PSYoungGen: 27936K->832K(30208K)] 63302K->36942K(98816K), 0.0038640 secs] [Times: user=0.01 sys=0.01, real=0.00 secs] 
Heap after GC invocations=39 (full 0):
 PSYoungGen      total 30208K, used 832K [0x00000000fdf00000, 0x0000000100000000, 0x0000000100000000)
  eden space 27136K, 0% used [0x00000000fdf00000,0x00000000fdf00000,0x00000000ff980000)
  from space 3072K, 27% used [0x00000000ff980000,0x00000000ffa50000,0x00000000ffc80000)
  to   space 3072K, 0% used [0x00000000ffd00000,0x00000000ffd00000,0x0000000100000000)
 ParOldGen       total 68608K, used 36110K [0x00000000f9c00000, 0x00000000fdf00000, 0x00000000fdf00000)
  object space 68608K, 52% used [0x00000000f9c00000,0x00000000fbf43878,0x00000000fdf00000)
 Metaspace       used 16971K, capacity 17388K, committed 17664K, reserved 1064960K
  class space    used 2161K, capacity 2259K, committed 2304K, reserved 1048576K
}
{Heap before GC invocations=40 (full 0):
 PSYoungGen      total 30208K, used 27968K [0x00000000fdf00000, 0x0000000100000000, 0x0000000100000000)
  eden space 27136K, 100% used [0x00000000fdf00000,0x00000000ff980000,0x00000000ff980000)
  from space 3072K, 27% used [0x00000000ff980000,0x00000000ffa50000,0x00000000ffc80000)
  to   space 3072K, 0% used [0x00000000ffd00000,0x00000000ffd00000,0x0000000100000000)
 ParOldGen       total 68608K, used 36110K [0x00000000f9c00000, 0x00000000fdf00000, 0x00000000fdf00000)
  object space 68608K, 52% used [0x00000000f9c00000,0x00000000fbf43878,0x00000000fdf00000)
 Metaspace       used 16975K, capacity 17388K, committed 17664K, reserved 1064960K
  class space    used 2161K, capacity 2259K, committed 2304K, reserved 1048576K
2023-03-06T01:54:06.438+0000: 6.987: [GC (Allocation Failure) [PSYoungGen: 27968K->864K(30720K)] 64078K->37738K(99328K), 0.0046732 secs] [Times: user=0.01 sys=0.00, real=0.01 secs] 
Heap after GC invocations=40 (full 0):
 PSYoungGen      total 30720K, used 864K [0x00000000fdf00000, 0x0000000100000000, 0x0000000100000000)
  eden space 27648K, 0% used [0x00000000fdf00000,0x00000000fdf00000,0x00000000ffa00000)
  from space 3072K, 28% used [0x00000000ffd00000,0x00000000ffdd8000,0x0000000100000000)
  to   space 3072K, 0% used [0x00000000ffa00000,0x00000000ffa00000,0x00000000ffd00000)
 ParOldGen       total 68608K, used 36874K [0x00000000f9c00000, 0x00000000fdf00000, 0x00000000fdf00000)
  object space 68608K, 53% used [0x00000000f9c00000,0x00000000fc002890,0x00000000fdf00000)
 Metaspace       used 16975K, capacity 17388K, committed 17664K, reserved 1064960K
  class space    used 2161K, capacity 2259K, committed 2304K, reserved 1048576K
}
{Heap before GC invocations=41 (full 0):
 PSYoungGen      total 30720K, used 28512K [0x00000000fdf00000, 0x0000000100000000, 0x0000000100000000)
  eden space 27648K, 100% used [0x00000000fdf00000,0x00000000ffa00000,0x00000000ffa00000)
  from space 3072K, 28% used [0x00000000ffd00000,0x00000000ffdd8000,0x0000000100000000)
  to   space 3072K, 0% used [0x00000000ffa00000,0x00000000ffa00000,0x00000000ffd00000)
 ParOldGen       total 68608K, used 36874K [0x00000000f9c00000, 0x00000000fdf00000, 0x00000000fdf00000)
  object space 68608K, 53% used [0x00000000f9c00000,0x00000000fc002890,0x00000000fdf00000)
 Metaspace       used 16975K, capacity 17388K, committed 17664K, reserved 1064960K
  class space    used 2161K, capacity 2259K, committed 2304K, reserved 1048576K
2023-03-06T01:54:06.554+0000: 7.103: [GC (Allocation Failure) [PSYoungGen: 28512K->2816K(30720K)] 65386K->40446K(99328K), 0.0066092 secs] [Times: user=0.01 sys=0.00, real=0.00 secs] 
Heap after GC invocations=41 (full 0):
 PSYoungGen      total 30720K, used 2816K [0x00000000fdf00000, 0x0000000100000000, 0x0000000100000000)
  eden space 27648K, 0% used [0x00000000fdf00000,0x00000000fdf00000,0x00000000ffa00000)
  from space 3072K, 91% used [0x00000000ffa00000,0x00000000ffcc0010,0x00000000ffd00000)
  to   space 3072K, 0% used [0x00000000ffd00000,0x00000000ffd00000,0x0000000100000000)
 ParOldGen       total 68608K, used 37630K [0x00000000f9c00000, 0x00000000fdf00000, 0x00000000fdf00000)
  object space 68608K, 54% used [0x00000000f9c00000,0x00000000fc0bf8a8,0x00000000fdf00000)
 Metaspace       used 16975K, capacity 17388K, committed 17664K, reserved 1064960K
  class space    used 2161K, capacity 2259K, committed 2304K, reserved 1048576K
}
{Heap before GC invocations=42 (full 0):
 PSYoungGen      total 30720K, used 30464K [0x00000000fdf00000, 0x0000000100000000, 0x0000000100000000)
  eden space 27648K, 100% used [0x00000000fdf00000,0x00000000ffa00000,0x00000000ffa00000)
  from space 3072K, 91% used [0x00000000ffa00000,0x00000000ffcc0010,0x00000000ffd00000)
  to   space 3072K, 0% used [0x00000000ffd00000,0x00000000ffd00000,0x0000000100000000)
 ParOldGen       total 68608K, used 37630K [0x00000000f9c00000, 0x00000000fdf00000, 0x00000000fdf00000)
  object space 68608K, 54% used [0x00000000f9c00000,0x00000000fc0bf8a8,0x00000000fdf00000)
 Metaspace       used 16975K, capacity 17388K, committed 17664K, reserved 1064960K
  class space    used 2161K, capacity 2259K, committed 2304K, reserved 1048576K
2023-03-06T01:54:06.665+0000: 7.214: [GC (Allocation Failure) [PSYoungGen: 30464K->896K(30720K)] 68094K->41294K(99328K), 0.0061912 secs] [Times: user=0.01 sys=0.00, real=0.01 secs] 
Heap after GC invocations=42 (full 0):
 PSYoungGen      total 30720K, used 896K [0x00000000fdf00000, 0x0000000100000000, 0x0000000100000000)
  eden space 27648K, 0% used [0x00000000fdf00000,0x00000000fdf00000,0x00000000ffa00000)
  from space 3072K, 29% used [0x00000000ffd00000,0x00000000ffde0000,0x0000000100000000)
  to   space 3072K, 0% used [0x00000000ffa00000,0x00000000ffa00000,0x00000000ffd00000)
 ParOldGen       total 68608K, used 40398K [0x00000000f9c00000, 0x00000000fdf00000, 0x00000000fdf00000)
  object space 68608K, 58% used [0x00000000f9c00000,0x00000000fc3738b8,0x00000000fdf00000)
 Metaspace       used 16975K, capacity 17388K, committed 17664K, reserved 1064960K
  class space    used 2161K, capacity 2259K, committed 2304K, reserved 1048576K
}
{Heap before GC invocations=43 (full 0):
 PSYoungGen      total 30720K, used 28544K [0x00000000fdf00000, 0x0000000100000000, 0x0000000100000000)
  eden space 27648K, 100% used [0x00000000fdf00000,0x00000000ffa00000,0x00000000ffa00000)
  from space 3072K, 29% used [0x00000000ffd00000,0x00000000ffde0000,0x0000000100000000)
  to   space 3072K, 0% used [0x00000000ffa00000,0x00000000ffa00000,0x00000000ffd00000)
 ParOldGen       total 68608K, used 40398K [0x00000000f9c00000, 0x00000000fdf00000, 0x00000000fdf00000)
  object space 68608K, 58% used [0x00000000f9c00000,0x00000000fc3738b8,0x00000000fdf00000)
 Metaspace       used 16976K, capacity 17388K, committed 17664K, reserved 1064960K
  class space    used 2161K, capacity 2259K, committed 2304K, reserved 1048576K
2023-03-06T01:54:06.774+0000: 7.323: [GC (Allocation Failure) [PSYoungGen: 28544K->832K(30720K)] 68942K->42002K(99328K), 0.0048103 secs] [Times: user=0.00 sys=0.01, real=0.00 secs] 
Heap after GC invocations=43 (full 0):
 PSYoungGen      total 30720K, used 832K [0x00000000fdf00000, 0x0000000100000000, 0x0000000100000000)
  eden space 27648K, 0% used [0x00000000fdf00000,0x00000000fdf00000,0x00000000ffa00000)
  from space 3072K, 27% used [0x00000000ffa00000,0x00000000ffad0000,0x00000000ffd00000)
  to   space 3072K, 0% used [0x00000000ffd00000,0x00000000ffd00000,0x0000000100000000)
 ParOldGen       total 68608K, used 41170K [0x00000000f9c00000, 0x00000000fdf00000, 0x00000000fdf00000)
  object space 68608K, 60% used [0x00000000f9c00000,0x00000000fc4348d0,0x00000000fdf00000)
 Metaspace       used 16976K, capacity 17388K, committed 17664K, reserved 1064960K
  class space    used 2161K, capacity 2259K, committed 2304K, reserved 1048576K
}
{Heap before GC invocations=44 (full 0):
 PSYoungGen      total 30720K, used 28480K [0x00000000fdf00000, 0x0000000100000000, 0x0000000100000000)
  eden space 27648K, 100% used [0x00000000fdf00000,0x00000000ffa00000,0x00000000ffa00000)
  from space 3072K, 27% used [0x00000000ffa00000,0x00000000ffad0000,0x00000000ffd00000)
  to   space 3072K, 0% used [0x00000000ffd00000,0x00000000ffd00000,0x0000000100000000)
 ParOldGen       total 68608K, used 41170K [0x00000000f9c00000, 0x00000000fdf00000, 0x00000000fdf00000)
  object space 68608K, 60% used [0x00000000f9c00000,0x00000000fc4348d0,0x00000000fdf00000)
 Metaspace       used 16982K, capacity 17388K, committed 17664K, reserved 1064960K
  class space    used 2161K, capacity 2259K, committed 2304K, reserved 1048576K
2023-03-06T01:54:06.925+0000: 7.474: [GC (Allocation Failure) [PSYoungGen: 28480K->800K(30720K)] 69650K->42750K(99328K), 0.0034597 secs] [Times: user=0.01 sys=0.00, real=0.00 secs] 
Heap after GC invocations=44 (full 0):
 PSYoungGen      total 30720K, used 800K [0x00000000fdf00000, 0x0000000100000000, 0x0000000100000000)
  eden space 27648K, 0% used [0x00000000fdf00000,0x00000000fdf00000,0x00000000ffa00000)
  from space 3072K, 26% used [0x00000000ffd00000,0x00000000ffdc8000,0x0000000100000000)
  to   space 3072K, 0% used [0x00000000ffa00000,0x00000000ffa00000,0x00000000ffd00000)
 ParOldGen       total 68608K, used 41950K [0x00000000f9c00000, 0x00000000fdf00000, 0x00000000fdf00000)
  object space 68608K, 61% used [0x00000000f9c00000,0x00000000fc4f78e0,0x00000000fdf00000)
 Metaspace       used 16982K, capacity 17388K, committed 17664K, reserved 1064960K
  class space    used 2161K, capacity 2259K, committed 2304K, reserved 1048576K
}
{Heap before GC invocations=45 (full 0):
 PSYoungGen      total 30720K, used 28448K [0x00000000fdf00000, 0x0000000100000000, 0x0000000100000000)
  eden space 27648K, 100% used [0x00000000fdf00000,0x00000000ffa00000,0x00000000ffa00000)
  from space 3072K, 26% used [0x00000000ffd00000,0x00000000ffdc8000,0x0000000100000000)
  to   space 3072K, 0% used [0x00000000ffa00000,0x00000000ffa00000,0x00000000ffd00000)
 ParOldGen       total 68608K, used 41950K [0x00000000f9c00000, 0x00000000fdf00000, 0x00000000fdf00000)
  object space 68608K, 61% used [0x00000000f9c00000,0x00000000fc4f78e0,0x00000000fdf00000)
 Metaspace       used 16984K, capacity 17388K, committed 17664K, reserved 1064960K
  class space    used 2161K, capacity 2259K, committed 2304K, reserved 1048576K
2023-03-06T01:54:07.095+0000: 7.644: [GC (Allocation Failure) [PSYoungGen: 28448K->832K(30720K)] 70398K->43558K(99328K), 0.0118425 secs] [Times: user=0.02 sys=0.00, real=0.01 secs] 
Heap after GC invocations=45 (full 0):
 PSYoungGen      total 30720K, used 832K [0x00000000fdf00000, 0x0000000100000000, 0x0000000100000000)
  eden space 27648K, 0% used [0x00000000fdf00000,0x00000000fdf00000,0x00000000ffa00000)
  from space 3072K, 27% used [0x00000000ffa00000,0x00000000ffad0000,0x00000000ffd00000)
  to   space 3072K, 0% used [0x00000000ffd00000,0x00000000ffd00000,0x0000000100000000)
 ParOldGen       total 68608K, used 42726K [0x00000000f9c00000, 0x00000000fdf00000, 0x00000000fdf00000)
  object space 68608K, 62% used [0x00000000f9c00000,0x00000000fc5b98e0,0x00000000fdf00000)
 Metaspace       used 16984K, capacity 17388K, committed 17664K, reserved 1064960K
  class space    used 2161K, capacity 2259K, committed 2304K, reserved 1048576K
}
{Heap before GC invocations=46 (full 0):
 PSYoungGen      total 30720K, used 28480K [0x00000000fdf00000, 0x0000000100000000, 0x0000000100000000)
  eden space 27648K, 100% used [0x00000000fdf00000,0x00000000ffa00000,0x00000000ffa00000)
  from space 3072K, 27% used [0x00000000ffa00000,0x00000000ffad0000,0x00000000ffd00000)
  to   space 3072K, 0% used [0x00000000ffd00000,0x00000000ffd00000,0x0000000100000000)
 ParOldGen       total 68608K, used 42726K [0x00000000f9c00000, 0x00000000fdf00000, 0x00000000fdf00000)
  object space 68608K, 62% used [0x00000000f9c00000,0x00000000fc5b98e0,0x00000000fdf00000)
 Metaspace       used 16988K, capacity 17388K, committed 17664K, reserved 1064960K
  class space    used 2161K, capacity 2259K, committed 2304K, reserved 1048576K
2023-03-06T01:54:07.264+0000: 7.813: [GC (Allocation Failure) [PSYoungGen: 28480K->864K(31232K)] 71206K->44370K(99840K), 0.0045666 secs] [Times: user=0.01 sys=0.01, real=0.00 secs] 
Heap after GC invocations=46 (full 0):
 PSYoungGen      total 31232K, used 864K [0x00000000fdf00000, 0x0000000100000000, 0x0000000100000000)
  eden space 28160K, 0% used [0x00000000fdf00000,0x00000000fdf00000,0x00000000ffa80000)
  from space 3072K, 28% used [0x00000000ffd00000,0x00000000ffdd8000,0x0000000100000000)
  to   space 2560K, 0% used [0x00000000ffa80000,0x00000000ffa80000,0x00000000ffd00000)
 ParOldGen       total 68608K, used 43506K [0x00000000f9c00000, 0x00000000fdf00000, 0x00000000fdf00000)
  object space 68608K, 63% used [0x00000000f9c00000,0x00000000fc67c8f0,0x00000000fdf00000)
 Metaspace       used 16988K, capacity 17388K, committed 17664K, reserved 1064960K
  class space    used 2161K, capacity 2259K, committed 2304K, reserved 1048576K
}
{Heap before GC invocations=47 (full 0):
 PSYoungGen      total 31232K, used 29024K [0x00000000fdf00000, 0x0000000100000000, 0x0000000100000000)
  eden space 28160K, 100% used [0x00000000fdf00000,0x00000000ffa80000,0x00000000ffa80000)
  from space 3072K, 28% used [0x00000000ffd00000,0x00000000ffdd8000,0x0000000100000000)
  to   space 2560K, 0% used [0x00000000ffa80000,0x00000000ffa80000,0x00000000ffd00000)
 ParOldGen       total 68608K, used 43506K [0x00000000f9c00000, 0x00000000fdf00000, 0x00000000fdf00000)
  object space 68608K, 63% used [0x00000000f9c00000,0x00000000fc67c8f0,0x00000000fdf00000)
 Metaspace       used 16989K, capacity 17388K, committed 17664K, reserved 1064960K
  class space    used 2161K, capacity 2259K, committed 2304K, reserved 1048576K
2023-03-06T01:54:07.429+0000: 7.979: [GC (Allocation Failure) [PSYoungGen: 29024K->896K(30720K)] 72530K->45182K(99328K), 0.0048921 secs] [Times: user=0.02 sys=0.00, real=0.01 secs] 
Heap after GC invocations=47 (full 0):
 PSYoungGen      total 30720K, used 896K [0x00000000fdf00000, 0x0000000100000000, 0x0000000100000000)
  eden space 28160K, 0% used [0x00000000fdf00000,0x00000000fdf00000,0x00000000ffa80000)
  from space 2560K, 35% used [0x00000000ffa80000,0x00000000ffb60000,0x00000000ffd00000)
  to   space 2560K, 0% used [0x00000000ffd80000,0x00000000ffd80000,0x0000000100000000)
 ParOldGen       total 68608K, used 44286K [0x00000000f9c00000, 0x00000000fdf00000, 0x00000000fdf00000)
  object space 68608K, 64% used [0x00000000f9c00000,0x00000000fc73f908,0x00000000fdf00000)
 Metaspace       used 16989K, capacity 17388K, committed 17664K, reserved 1064960K
  class space    used 2161K, capacity 2259K, committed 2304K, reserved 1048576K
}
{Heap before GC invocations=48 (full 0):
 PSYoungGen      total 30720K, used 29056K [0x00000000fdf00000, 0x0000000100000000, 0x0000000100000000)
  eden space 28160K, 100% used [0x00000000fdf00000,0x00000000ffa80000,0x00000000ffa80000)
  from space 2560K, 35% used [0x00000000ffa80000,0x00000000ffb60000,0x00000000ffd00000)
  to   space 2560K, 0% used [0x00000000ffd80000,0x00000000ffd80000,0x0000000100000000)
 ParOldGen       total 68608K, used 44286K [0x00000000f9c00000, 0x00000000fdf00000, 0x00000000fdf00000)
  object space 68608K, 64% used [0x00000000f9c00000,0x00000000fc73f908,0x00000000fdf00000)
 Metaspace       used 17002K, capacity 17406K, committed 17664K, reserved 1064960K
  class space    used 2163K, capacity 2262K, committed 2304K, reserved 1048576K
2023-03-06T01:54:07.587+0000: 8.136: [GC (Allocation Failure) [PSYoungGen: 29056K->832K(31232K)] 73342K->45918K(99840K), 0.0042245 secs] [Times: user=0.01 sys=0.00, real=0.01 secs] 
Heap after GC invocations=48 (full 0):
 PSYoungGen      total 31232K, used 832K [0x00000000fdf00000, 0x0000000100000000, 0x0000000100000000)
  eden space 28672K, 0% used [0x00000000fdf00000,0x00000000fdf00000,0x00000000ffb00000)
  from space 2560K, 32% used [0x00000000ffd80000,0x00000000ffe50000,0x0000000100000000)
  to   space 2560K, 0% used [0x00000000ffb00000,0x00000000ffb00000,0x00000000ffd80000)
 ParOldGen       total 68608K, used 45086K [0x00000000f9c00000, 0x00000000fdf00000, 0x00000000fdf00000)
  object space 68608K, 65% used [0x00000000f9c00000,0x00000000fc807908,0x00000000fdf00000)
 Metaspace       used 17002K, capacity 17406K, committed 17664K, reserved 1064960K
  class space    used 2163K, capacity 2262K, committed 2304K, reserved 1048576K
}
{Heap before GC invocations=49 (full 0):
 PSYoungGen      total 31232K, used 29504K [0x00000000fdf00000, 0x0000000100000000, 0x0000000100000000)
  eden space 28672K, 100% used [0x00000000fdf00000,0x00000000ffb00000,0x00000000ffb00000)
  from space 2560K, 32% used [0x00000000ffd80000,0x00000000ffe50000,0x0000000100000000)
  to   space 2560K, 0% used [0x00000000ffb00000,0x00000000ffb00000,0x00000000ffd80000)
 ParOldGen       total 68608K, used 45086K [0x00000000f9c00000, 0x00000000fdf00000, 0x00000000fdf00000)
  object space 68608K, 65% used [0x00000000f9c00000,0x00000000fc807908,0x00000000fdf00000)
 Metaspace       used 17002K, capacity 17406K, committed 17664K, reserved 1064960K
  class space    used 2163K, capacity 2262K, committed 2304K, reserved 1048576K
2023-03-06T01:54:07.722+0000: 8.271: [GC (Allocation Failure) [PSYoungGen: 29504K->864K(31232K)] 74590K->46742K(99840K), 0.0050449 secs] [Times: user=0.02 sys=0.01, real=0.01 secs] 
Heap after GC invocations=49 (full 0):
 PSYoungGen      total 31232K, used 864K [0x00000000fdf00000, 0x0000000100000000, 0x0000000100000000)
  eden space 28672K, 0% used [0x00000000fdf00000,0x00000000fdf00000,0x00000000ffb00000)
  from space 2560K, 33% used [0x00000000ffb00000,0x00000000ffbd8000,0x00000000ffd80000)
  to   space 2560K, 0% used [0x00000000ffd80000,0x00000000ffd80000,0x0000000100000000)
 ParOldGen       total 68608K, used 45878K [0x00000000f9c00000, 0x00000000fdf00000, 0x00000000fdf00000)
  object space 68608K, 66% used [0x00000000f9c00000,0x00000000fc8cd930,0x00000000fdf00000)
 Metaspace       used 17002K, capacity 17406K, committed 17664K, reserved 1064960K
  class space    used 2163K, capacity 2262K, committed 2304K, reserved 1048576K
}
{Heap before GC invocations=50 (full 0):
 PSYoungGen      total 31232K, used 29536K [0x00000000fdf00000, 0x0000000100000000, 0x0000000100000000)
  eden space 28672K, 100% used [0x00000000fdf00000,0x00000000ffb00000,0x00000000ffb00000)
  from space 2560K, 33% used [0x00000000ffb00000,0x00000000ffbd8000,0x00000000ffd80000)
  to   space 2560K, 0% used [0x00000000ffd80000,0x00000000ffd80000,0x0000000100000000)
 ParOldGen       total 68608K, used 45878K [0x00000000f9c00000, 0x00000000fdf00000, 0x00000000fdf00000)
  object space 68608K, 66% used [0x00000000f9c00000,0x00000000fc8cd930,0x00000000fdf00000)
 Metaspace       used 17003K, capacity 17406K, committed 17664K, reserved 1064960K
  class space    used 2163K, capacity 2262K, committed 2304K, reserved 1048576K
2023-03-06T01:54:07.836+0000: 8.385: [GC (Allocation Failure) [PSYoungGen: 29536K->928K(31232K)] 75414K->47614K(99840K), 0.0048722 secs] [Times: user=0.00 sys=0.00, real=0.00 secs] 
Heap after GC invocations=50 (full 0):
 PSYoungGen      total 31232K, used 928K [0x00000000fdf00000, 0x0000000100000000, 0x0000000100000000)
  eden space 28672K, 0% used [0x00000000fdf00000,0x00000000fdf00000,0x00000000ffb00000)
  from space 2560K, 36% used [0x00000000ffd80000,0x00000000ffe68000,0x0000000100000000)
  to   space 2560K, 0% used [0x00000000ffb00000,0x00000000ffb00000,0x00000000ffd80000)
 ParOldGen       total 68608K, used 46686K [0x00000000f9c00000, 0x00000000fdf00000, 0x00000000fdf00000)
  object space 68608K, 68% used [0x00000000f9c00000,0x00000000fc997930,0x00000000fdf00000)
 Metaspace       used 17003K, capacity 17406K, committed 17664K, reserved 1064960K
  class space    used 2163K, capacity 2262K, committed 2304K, reserved 1048576K
}
{Heap before GC invocations=51 (full 0):
 PSYoungGen      total 31232K, used 29600K [0x00000000fdf00000, 0x0000000100000000, 0x0000000100000000)
  eden space 28672K, 100% used [0x00000000fdf00000,0x00000000ffb00000,0x00000000ffb00000)
  from space 2560K, 36% used [0x00000000ffd80000,0x00000000ffe68000,0x0000000100000000)
  to   space 2560K, 0% used [0x00000000ffb00000,0x00000000ffb00000,0x00000000ffd80000)
 ParOldGen       total 68608K, used 46686K [0x00000000f9c00000, 0x00000000fdf00000, 0x00000000fdf00000)
  object space 68608K, 68% used [0x00000000f9c00000,0x00000000fc997930,0x00000000fdf00000)
 Metaspace       used 17003K, capacity 17406K, committed 17664K, reserved 1064960K
  class space    used 2163K, capacity 2262K, committed 2304K, reserved 1048576K
2023-03-06T01:54:07.954+0000: 8.503: [GC (Allocation Failure) [PSYoungGen: 29600K->832K(31232K)] 76286K->48330K(99840K), 0.0047069 secs] [Times: user=0.01 sys=0.00, real=0.00 secs] 
Heap after GC invocations=51 (full 0):
 PSYoungGen      total 31232K, used 832K [0x00000000fdf00000, 0x0000000100000000, 0x0000000100000000)
  eden space 28672K, 0% used [0x00000000fdf00000,0x00000000fdf00000,0x00000000ffb00000)
  from space 2560K, 32% used [0x00000000ffb00000,0x00000000ffbd0000,0x00000000ffd80000)
  to   space 2048K, 0% used [0x00000000ffe00000,0x00000000ffe00000,0x0000000100000000)
 ParOldGen       total 68608K, used 47498K [0x00000000f9c00000, 0x00000000fdf00000, 0x00000000fdf00000)
  object space 68608K, 69% used [0x00000000f9c00000,0x00000000fca62948,0x00000000fdf00000)
 Metaspace       used 17003K, capacity 17406K, committed 17664K, reserved 1064960K
  class space    used 2163K, capacity 2262K, committed 2304K, reserved 1048576K
}
{Heap before GC invocations=52 (full 0):
 PSYoungGen      total 31232K, used 29504K [0x00000000fdf00000, 0x0000000100000000, 0x0000000100000000)
  eden space 28672K, 100% used [0x00000000fdf00000,0x00000000ffb00000,0x00000000ffb00000)
  from space 2560K, 32% used [0x00000000ffb00000,0x00000000ffbd0000,0x00000000ffd80000)
  to   space 2048K, 0% used [0x00000000ffe00000,0x00000000ffe00000,0x0000000100000000)
 ParOldGen       total 68608K, used 47498K [0x00000000f9c00000, 0x00000000fdf00000, 0x00000000fdf00000)
  object space 68608K, 69% used [0x00000000f9c00000,0x00000000fca62948,0x00000000fdf00000)
 Metaspace       used 17003K, capacity 17406K, committed 17664K, reserved 1064960K
  class space    used 2163K, capacity 2262K, committed 2304K, reserved 1048576K
2023-03-06T01:54:08.069+0000: 8.618: [GC (Allocation Failure) [PSYoungGen: 29504K->864K(31744K)] 77002K->49170K(100352K), 0.0049663 secs] [Times: user=0.01 sys=0.00, real=0.01 secs] 
Heap after GC invocations=52 (full 0):
 PSYoungGen      total 31744K, used 864K [0x00000000fdf00000, 0x0000000100000000, 0x0000000100000000)
  eden space 29696K, 0% used [0x00000000fdf00000,0x00000000fdf00000,0x00000000ffc00000)
  from space 2048K, 42% used [0x00000000ffe00000,0x00000000ffed8000,0x0000000100000000)
  to   space 2048K, 0% used [0x00000000ffc00000,0x00000000ffc00000,0x00000000ffe00000)
 ParOldGen       total 68608K, used 48306K [0x00000000f9c00000, 0x00000000fdf00000, 0x00000000fdf00000)
  object space 68608K, 70% used [0x00000000f9c00000,0x00000000fcb2c948,0x00000000fdf00000)
 Metaspace       used 17003K, capacity 17406K, committed 17664K, reserved 1064960K
  class space    used 2163K, capacity 2262K, committed 2304K, reserved 1048576K
}
{Heap before GC invocations=53 (full 0):
 PSYoungGen      total 31744K, used 30560K [0x00000000fdf00000, 0x0000000100000000, 0x0000000100000000)
  eden space 29696K, 100% used [0x00000000fdf00000,0x00000000ffc00000,0x00000000ffc00000)
  from space 2048K, 42% used [0x00000000ffe00000,0x00000000ffed8000,0x0000000100000000)
  to   space 2048K, 0% used [0x00000000ffc00000,0x00000000ffc00000,0x00000000ffe00000)
 ParOldGen       total 68608K, used 48306K [0x00000000f9c00000, 0x00000000fdf00000, 0x00000000fdf00000)
  object space 68608K, 70% used [0x00000000f9c00000,0x00000000fcb2c948,0x00000000fdf00000)
 Metaspace       used 17003K, capacity 17406K, committed 17664K, reserved 1064960K
  class space    used 2163K, capacity 2262K, committed 2304K, reserved 1048576K
2023-03-06T01:54:08.195+0000: 8.744: [GC (Allocation Failure) [PSYoungGen: 30560K->896K(31744K)] 78866K->50006K(100352K), 0.0042435 secs] [Times: user=0.02 sys=0.00, real=0.00 secs] 
Heap after GC invocations=53 (full 0):
 PSYoungGen      total 31744K, used 896K [0x00000000fdf00000, 0x0000000100000000, 0x0000000100000000)
  eden space 29696K, 0% used [0x00000000fdf00000,0x00000000fdf00000,0x00000000ffc00000)
  from space 2048K, 43% used [0x00000000ffc00000,0x00000000ffce0000,0x00000000ffe00000)
  to   space 2048K, 0% used [0x00000000ffe00000,0x00000000ffe00000,0x0000000100000000)
 ParOldGen       total 68608K, used 49110K [0x00000000f9c00000, 0x00000000fdf00000, 0x00000000fdf00000)
  object space 68608K, 71% used [0x00000000f9c00000,0x00000000fcbf5960,0x00000000fdf00000)
 Metaspace       used 17003K, capacity 17406K, committed 17664K, reserved 1064960K
  class space    used 2163K, capacity 2262K, committed 2304K, reserved 1048576K
}
{Heap before GC invocations=54 (full 0):
 PSYoungGen      total 31744K, used 30592K [0x00000000fdf00000, 0x0000000100000000, 0x0000000100000000)
  eden space 29696K, 100% used [0x00000000fdf00000,0x00000000ffc00000,0x00000000ffc00000)
  from space 2048K, 43% used [0x00000000ffc00000,0x00000000ffce0000,0x00000000ffe00000)
  to   space 2048K, 0% used [0x00000000ffe00000,0x00000000ffe00000,0x0000000100000000)
 ParOldGen       total 68608K, used 49110K [0x00000000f9c00000, 0x00000000fdf00000, 0x00000000fdf00000)
  object space 68608K, 71% used [0x00000000f9c00000,0x00000000fcbf5960,0x00000000fdf00000)
 Metaspace       used 17004K, capacity 17406K, committed 17664K, reserved 1064960K
  class space    used 2163K, capacity 2262K, committed 2304K, reserved 1048576K
2023-03-06T01:54:08.327+0000: 8.876: [GC (Allocation Failure) [PSYoungGen: 30592K->864K(31744K)] 79702K->50810K(100352K), 0.0048289 secs] [Times: user=0.01 sys=0.00, real=0.01 secs] 
Heap after GC invocations=54 (full 0):
 PSYoungGen      total 31744K, used 864K [0x00000000fdf00000, 0x0000000100000000, 0x0000000100000000)
  eden space 29696K, 0% used [0x00000000fdf00000,0x00000000fdf00000,0x00000000ffc00000)
  from space 2048K, 42% used [0x00000000ffe00000,0x00000000ffed8000,0x0000000100000000)
  to   space 2048K, 0% used [0x00000000ffc00000,0x00000000ffc00000,0x00000000ffe00000)
 ParOldGen       total 68608K, used 49946K [0x00000000f9c00000, 0x00000000fdf00000, 0x00000000fdf00000)
  object space 68608K, 72% used [0x00000000f9c00000,0x00000000fccc6978,0x00000000fdf00000)
 Metaspace       used 17004K, capacity 17406K, committed 17664K, reserved 1064960K
  class space    used 2163K, capacity 2262K, committed 2304K, reserved 1048576K
}
{Heap before GC invocations=55 (full 0):
 PSYoungGen      total 31744K, used 30560K [0x00000000fdf00000, 0x0000000100000000, 0x0000000100000000)
  eden space 29696K, 100% used [0x00000000fdf00000,0x00000000ffc00000,0x00000000ffc00000)
  from space 2048K, 42% used [0x00000000ffe00000,0x00000000ffed8000,0x0000000100000000)
  to   space 2048K, 0% used [0x00000000ffc00000,0x00000000ffc00000,0x00000000ffe00000)
 ParOldGen       total 68608K, used 49946K [0x00000000f9c00000, 0x00000000fdf00000, 0x00000000fdf00000)
  object space 68608K, 72% used [0x00000000f9c00000,0x00000000fccc6978,0x00000000fdf00000)
 Metaspace       used 17005K, capacity 17406K, committed 17664K, reserved 1064960K
  class space    used 2163K, capacity 2262K, committed 2304K, reserved 1048576K
2023-03-06T01:54:08.448+0000: 8.997: [GC (Allocation Failure) [PSYoungGen: 30560K->960K(31744K)] 80506K->51738K(100352K), 0.0048697 secs] [Times: user=0.01 sys=0.01, real=0.01 secs] 
Heap after GC invocations=55 (full 0):
 PSYoungGen      total 31744K, used 960K [0x00000000fdf00000, 0x0000000100000000, 0x0000000100000000)
  eden space 29696K, 0% used [0x00000000fdf00000,0x00000000fdf00000,0x00000000ffc00000)
  from space 2048K, 46% used [0x00000000ffc00000,0x00000000ffcf0000,0x00000000ffe00000)
  to   space 2048K, 0% used [0x00000000ffe00000,0x00000000ffe00000,0x0000000100000000)
 ParOldGen       total 68608K, used 50778K [0x00000000f9c00000, 0x00000000fdf00000, 0x00000000fdf00000)
  object space 68608K, 74% used [0x00000000f9c00000,0x00000000fcd96978,0x00000000fdf00000)
 Metaspace       used 17005K, capacity 17406K, committed 17664K, reserved 1064960K
  class space    used 2163K, capacity 2262K, committed 2304K, reserved 1048576K
}
{Heap before GC invocations=56 (full 0):
 PSYoungGen      total 31744K, used 30656K [0x00000000fdf00000, 0x0000000100000000, 0x0000000100000000)
  eden space 29696K, 100% used [0x00000000fdf00000,0x00000000ffc00000,0x00000000ffc00000)
  from space 2048K, 46% used [0x00000000ffc00000,0x00000000ffcf0000,0x00000000ffe00000)
  to   space 2048K, 0% used [0x00000000ffe00000,0x00000000ffe00000,0x0000000100000000)
 ParOldGen       total 68608K, used 50778K [0x00000000f9c00000, 0x00000000fdf00000, 0x00000000fdf00000)
  object space 68608K, 74% used [0x00000000f9c00000,0x00000000fcd96978,0x00000000fdf00000)
 Metaspace       used 17005K, capacity 17406K, committed 17664K, reserved 1064960K
  class space    used 2163K, capacity 2262K, committed 2304K, reserved 1048576K
2023-03-06T01:54:08.565+0000: 9.114: [GC (Allocation Failure) [PSYoungGen: 30656K->896K(31744K)] 81434K->52514K(100352K), 0.0050199 secs] [Times: user=0.01 sys=0.00, real=0.00 secs] 
Heap after GC invocations=56 (full 0):
 PSYoungGen      total 31744K, used 896K [0x00000000fdf00000, 0x0000000100000000, 0x0000000100000000)
  eden space 29696K, 0% used [0x00000000fdf00000,0x00000000fdf00000,0x00000000ffc00000)
  from space 2048K, 43% used [0x00000000ffe00000,0x00000000ffee0000,0x0000000100000000)
  to   space 2048K, 0% used [0x00000000ffc00000,0x00000000ffc00000,0x00000000ffe00000)
 ParOldGen       total 68608K, used 51618K [0x00000000f9c00000, 0x00000000fdf00000, 0x00000000fdf00000)
  object space 68608K, 75% used [0x00000000f9c00000,0x00000000fce68978,0x00000000fdf00000)
 Metaspace       used 17005K, capacity 17406K, committed 17664K, reserved 1064960K
  class space    used 2163K, capacity 2262K, committed 2304K, reserved 1048576K
}
[36m[Mar 06 01:54:08.573000000] [DEBUG] [Thread 10] [0mFuture failed: Unable to send message from NettyTcpAddress(/10.138.0.60:10100) to NettyTcpAddress(/10.138.0.61:34664).
[36m[Mar 06 01:54:08.578000000] [DEBUG] [Thread 10] [0msun.nio.ch.FileDispatcherImpl.writev0(Native Method)
sun.nio.ch.SocketDispatcher.writev(SocketDispatcher.java:51)
sun.nio.ch.IOUtil.write(IOUtil.java:148)
sun.nio.ch.SocketChannelImpl.write(SocketChannelImpl.java:504)
io.netty.channel.socket.nio.NioSocketChannel.doWrite(NioSocketChannel.java:420)
io.netty.channel.AbstractChannel$AbstractUnsafe.flush0(AbstractChannel.java:939)
io.netty.channel.nio.AbstractNioChannel$AbstractNioUnsafe.flush0(AbstractNioChannel.java:360)
io.netty.channel.AbstractChannel$AbstractUnsafe.flush(AbstractChannel.java:906)
io.netty.channel.DefaultChannelPipeline$HeadContext.flush(DefaultChannelPipeline.java:1370)
io.netty.channel.AbstractChannelHandlerContext.invokeFlush0(AbstractChannelHandlerContext.java:739)
io.netty.channel.AbstractChannelHandlerContext.invokeFlush(AbstractChannelHandlerContext.java:731)
io.netty.channel.AbstractChannelHandlerContext.flush(AbstractChannelHandlerContext.java:717)
io.netty.channel.ChannelOutboundHandlerAdapter.flush(ChannelOutboundHandlerAdapter.java:115)
io.netty.channel.AbstractChannelHandlerContext.invokeFlush0(AbstractChannelHandlerContext.java:739)
io.netty.channel.AbstractChannelHandlerContext.invokeFlush(AbstractChannelHandlerContext.java:731)
io.netty.channel.AbstractChannelHandlerContext.flush(AbstractChannelHandlerContext.java:717)
io.netty.channel.ChannelOutboundHandlerAdapter.flush(ChannelOutboundHandlerAdapter.java:115)
io.netty.channel.AbstractChannelHandlerContext.invokeFlush0(AbstractChannelHandlerContext.java:739)
io.netty.channel.AbstractChannelHandlerContext.invokeWriteAndFlush(AbstractChannelHandlerContext.java:754)
io.netty.channel.AbstractChannelHandlerContext.write(AbstractChannelHandlerContext.java:778)
io.netty.channel.AbstractChannelHandlerContext.writeAndFlush(AbstractChannelHandlerContext.java:747)
io.netty.channel.AbstractChannelHandlerContext.writeAndFlush(AbstractChannelHandlerContext.java:801)
io.netty.channel.DefaultChannelPipeline.writeAndFlush(DefaultChannelPipeline.java:1036)
io.netty.channel.AbstractChannel.writeAndFlush(AbstractChannel.java:305)
frankenpaxos.NettyTcpTransport.sendImpl(NettyTcpTransport.scala:384)
frankenpaxos.NettyTcpTransport.send(NettyTcpTransport.scala:457)
frankenpaxos.NettyTcpTransport.send(NettyTcpTransport.scala:124)
frankenpaxos.Chan.send(Chan.scala:13)
frankenpaxos.echo.BenchmarkServer.receive(BenchmarkServer.scala:73)
frankenpaxos.echo.BenchmarkServer.receive(BenchmarkServer.scala:38)
frankenpaxos.NettyTcpTransport$CommonHandler.channelRead(NettyTcpTransport.scala:134)
io.netty.channel.AbstractChannelHandlerContext.invokeChannelRead(AbstractChannelHandlerContext.java:359)
io.netty.channel.AbstractChannelHandlerContext.invokeChannelRead(AbstractChannelHandlerContext.java:345)
io.netty.channel.AbstractChannelHandlerContext.fireChannelRead(AbstractChannelHandlerContext.java:337)
io.netty.handler.codec.MessageToMessageDecoder.channelRead(MessageToMessageDecoder.java:102)
io.netty.channel.AbstractChannelHandlerContext.invokeChannelRead(AbstractChannelHandlerContext.java:359)
io.netty.channel.AbstractChannelHandlerContext.invokeChannelRead(AbstractChannelHandlerContext.java:345)
io.netty.channel.AbstractChannelHandlerContext.fireChannelRead(AbstractChannelHandlerContext.java:337)
io.netty.handler.codec.ByteToMessageDecoder.fireChannelRead(ByteToMessageDecoder.java:323)
io.netty.handler.codec.ByteToMessageDecoder.fireChannelRead(ByteToMessageDecoder.java:310)
io.netty.handler.codec.ByteToMessageDecoder.callDecode(ByteToMessageDecoder.java:426)
io.netty.handler.codec.ByteToMessageDecoder.channelRead(ByteToMessageDecoder.java:278)
io.netty.channel.AbstractChannelHandlerContext.invokeChannelRead(AbstractChannelHandlerContext.java:359)
io.netty.channel.AbstractChannelHandlerContext.invokeChannelRead(AbstractChannelHandlerContext.java:345)
io.netty.channel.AbstractChannelHandlerContext.fireChannelRead(AbstractChannelHandlerContext.java:337)
io.netty.channel.DefaultChannelPipeline$HeadContext.channelRead(DefaultChannelPipeline.java:1408)
io.netty.channel.AbstractChannelHandlerContext.invokeChannelRead(AbstractChannelHandlerContext.java:359)
io.netty.channel.AbstractChannelHandlerContext.invokeChannelRead(AbstractChannelHandlerContext.java:345)
io.netty.channel.DefaultChannelPipeline.fireChannelRead(DefaultChannelPipeline.java:930)
io.netty.channel.nio.AbstractNioByteChannel$NioByteUnsafe.read(AbstractNioByteChannel.java:163)
io.netty.channel.nio.NioEventLoop.processSelectedKey(NioEventLoop.java:677)
io.netty.channel.nio.NioEventLoop.processSelectedKeysOptimized(NioEventLoop.java:612)
io.netty.channel.nio.NioEventLoop.processSelectedKeys(NioEventLoop.java:529)
io.netty.channel.nio.NioEventLoop.run(NioEventLoop.java:491)
io.netty.util.concurrent.SingleThreadEventExecutor$5.run(SingleThreadEventExecutor.java:905)
io.netty.util.concurrent.FastThreadLocalRunnable.run(FastThreadLocalRunnable.java:30)
java.lang.Thread.run(Thread.java:748)
[36m[Mar 06 01:54:08.578000000] [DEBUG] [Thread 10] [0mFuture failed: Unable to send message from NettyTcpAddress(/10.138.0.60:10100) to NettyTcpAddress(/10.138.0.61:34664).
[36m[Mar 06 01:54:08.578000000] [DEBUG] [Thread 10] [0mio.netty.channel.AbstractChannel$AbstractUnsafe.write(...)(Unknown Source)
[36m[Mar 06 01:54:08.578000000] [DEBUG] [Thread 10] [0mFuture failed: Unable to send message from NettyTcpAddress(/10.138.0.60:10100) to NettyTcpAddress(/10.138.0.61:34664).
[36m[Mar 06 01:54:08.579000000] [DEBUG] [Thread 10] [0mio.netty.channel.AbstractChannel$AbstractUnsafe.write(...)(Unknown Source)
[36m[Mar 06 01:54:08.579000000] [DEBUG] [Thread 10] [0mFuture failed: Unable to send message from NettyTcpAddress(/10.138.0.60:10100) to NettyTcpAddress(/10.138.0.61:34664).
[36m[Mar 06 01:54:08.579000000] [DEBUG] [Thread 10] [0mio.netty.channel.AbstractChannel$AbstractUnsafe.write(...)(Unknown Source)
[36m[Mar 06 01:54:08.579000000] [DEBUG] [Thread 10] [0mFuture failed: Unable to send message from NettyTcpAddress(/10.138.0.60:10100) to NettyTcpAddress(/10.138.0.61:34664).
[36m[Mar 06 01:54:08.579000000] [DEBUG] [Thread 10] [0mio.netty.channel.AbstractChannel$AbstractUnsafe.write(...)(Unknown Source)
[36m[Mar 06 01:54:08.579000000] [DEBUG] [Thread 10] [0mFuture failed: Unable to send message from NettyTcpAddress(/10.138.0.60:10100) to NettyTcpAddress(/10.138.0.61:34664).
[36m[Mar 06 01:54:08.579000000] [DEBUG] [Thread 10] [0mio.netty.channel.AbstractChannel$AbstractUnsafe.write(...)(Unknown Source)
[36m[Mar 06 01:54:08.579000000] [DEBUG] [Thread 10] [0mFuture failed: Unable to send message from NettyTcpAddress(/10.138.0.60:10100) to NettyTcpAddress(/10.138.0.61:34664).
[36m[Mar 06 01:54:08.579000000] [DEBUG] [Thread 10] [0mio.netty.channel.AbstractChannel$AbstractUnsafe.write(...)(Unknown Source)
[36m[Mar 06 01:54:08.579000000] [DEBUG] [Thread 10] [0mFuture failed: Unable to send message from NettyTcpAddress(/10.138.0.60:10100) to NettyTcpAddress(/10.138.0.61:34664).
[36m[Mar 06 01:54:08.579000000] [DEBUG] [Thread 10] [0mio.netty.channel.AbstractChannel$AbstractUnsafe.write(...)(Unknown Source)
[36m[Mar 06 01:54:08.580000000] [DEBUG] [Thread 10] [0mFuture failed: Unable to send message from NettyTcpAddress(/10.138.0.60:10100) to NettyTcpAddress(/10.138.0.61:34664).
[36m[Mar 06 01:54:08.580000000] [DEBUG] [Thread 10] [0mio.netty.channel.AbstractChannel$AbstractUnsafe.write(...)(Unknown Source)
[36m[Mar 06 01:54:08.580000000] [DEBUG] [Thread 10] [0mFuture failed: Unable to send message from NettyTcpAddress(/10.138.0.60:10100) to NettyTcpAddress(/10.138.0.61:34664).
[36m[Mar 06 01:54:08.580000000] [DEBUG] [Thread 10] [0mio.netty.channel.AbstractChannel$AbstractUnsafe.write(...)(Unknown Source)
[36m[Mar 06 01:54:08.580000000] [DEBUG] [Thread 10] [0mFuture failed: Unable to send message from NettyTcpAddress(/10.138.0.60:10100) to NettyTcpAddress(/10.138.0.61:34664).
[36m[Mar 06 01:54:08.580000000] [DEBUG] [Thread 10] [0mio.netty.channel.AbstractChannel$AbstractUnsafe.write(...)(Unknown Source)
[36m[Mar 06 01:54:08.580000000] [DEBUG] [Thread 10] [0mFuture failed: Unable to send message from NettyTcpAddress(/10.138.0.60:10100) to NettyTcpAddress(/10.138.0.61:34664).
[36m[Mar 06 01:54:08.580000000] [DEBUG] [Thread 10] [0mio.netty.channel.AbstractChannel$AbstractUnsafe.write(...)(Unknown Source)
[36m[Mar 06 01:54:08.580000000] [DEBUG] [Thread 10] [0mFuture failed: Unable to send message from NettyTcpAddress(/10.138.0.60:10100) to NettyTcpAddress(/10.138.0.61:34664).
[36m[Mar 06 01:54:08.580000000] [DEBUG] [Thread 10] [0mio.netty.channel.AbstractChannel$AbstractUnsafe.write(...)(Unknown Source)
[36m[Mar 06 01:54:08.580000000] [DEBUG] [Thread 10] [0mFuture failed: Unable to send message from NettyTcpAddress(/10.138.0.60:10100) to NettyTcpAddress(/10.138.0.61:34664).
[36m[Mar 06 01:54:08.580000000] [DEBUG] [Thread 10] [0mio.netty.channel.AbstractChannel$AbstractUnsafe.write(...)(Unknown Source)
[36m[Mar 06 01:54:08.580000000] [DEBUG] [Thread 10] [0mFuture failed: Unable to send message from NettyTcpAddress(/10.138.0.60:10100) to NettyTcpAddress(/10.138.0.61:34664).
[36m[Mar 06 01:54:08.581000000] [DEBUG] [Thread 10] [0mio.netty.channel.AbstractChannel$AbstractUnsafe.write(...)(Unknown Source)
[36m[Mar 06 01:54:08.581000000] [DEBUG] [Thread 10] [0mFuture failed: Unable to send message from NettyTcpAddress(/10.138.0.60:10100) to NettyTcpAddress(/10.138.0.61:34664).
[36m[Mar 06 01:54:08.581000000] [DEBUG] [Thread 10] [0mio.netty.channel.AbstractChannel$AbstractUnsafe.write(...)(Unknown Source)
[36m[Mar 06 01:54:08.581000000] [DEBUG] [Thread 10] [0mFuture failed: Unable to send message from NettyTcpAddress(/10.138.0.60:10100) to NettyTcpAddress(/10.138.0.61:34664).
[36m[Mar 06 01:54:08.581000000] [DEBUG] [Thread 10] [0mio.netty.channel.AbstractChannel$AbstractUnsafe.write(...)(Unknown Source)
[36m[Mar 06 01:54:08.583000000] [DEBUG] [Thread 10] [0mSuccessfully unregistered channel between local address NettyTcpAddress(/10.138.0.60:10100) and remote address NettyTcpAddress(/10.138.0.61:34664).
Heap
 PSYoungGen      total 31744K, used 7440K [0x00000000fdf00000, 0x0000000100000000, 0x0000000100000000)
  eden space 29696K, 22% used [0x00000000fdf00000,0x00000000fe564188,0x00000000ffc00000)
  from space 2048K, 43% used [0x00000000ffe00000,0x00000000ffee0000,0x0000000100000000)
  to   space 2048K, 0% used [0x00000000ffc00000,0x00000000ffc00000,0x00000000ffe00000)
 ParOldGen       total 68608K, used 51618K [0x00000000f9c00000, 0x00000000fdf00000, 0x00000000fdf00000)
  object space 68608K, 75% used [0x00000000f9c00000,0x00000000fce68978,0x00000000fdf00000)
 Metaspace       used 17163K, capacity 17616K, committed 17920K, reserved 1064960K
  class space    used 2176K, capacity 2265K, committed 2304K, reserved 1048576K
